Archive member included to satisfy reference by file (symbol)

C:/ST/STM32CubeIDE_1.16.0/STM32CubeIDE/plugins/com.st.stm32cube.ide.mcu.externaltools.gnu-tools-for-stm32.12.3.rel1.win32_1.0.200.202406191623/tools/bin/../lib/gcc/arm-none-eabi/12.3.1/../../../../arm-none-eabi/lib/thumb/v7-m/nofp\libc_nano.a(libc_a-exit.o)
                              C:/ST/STM32CubeIDE_1.16.0/STM32CubeIDE/plugins/com.st.stm32cube.ide.mcu.externaltools.gnu-tools-for-stm32.12.3.rel1.win32_1.0.200.202406191623/tools/bin/../lib/gcc/arm-none-eabi/12.3.1/../../../../arm-none-eabi/lib/thumb/v7-m/nofp/crt0.o (exit)
C:/ST/STM32CubeIDE_1.16.0/STM32CubeIDE/plugins/com.st.stm32cube.ide.mcu.externaltools.gnu-tools-for-stm32.12.3.rel1.win32_1.0.200.202406191623/tools/bin/../lib/gcc/arm-none-eabi/12.3.1/../../../../arm-none-eabi/lib/thumb/v7-m/nofp\libc_nano.a(libc_a-findfp.o)
                              C:/ST/STM32CubeIDE_1.16.0/STM32CubeIDE/plugins/com.st.stm32cube.ide.mcu.externaltools.gnu-tools-for-stm32.12.3.rel1.win32_1.0.200.202406191623/tools/bin/../lib/gcc/arm-none-eabi/12.3.1/../../../../arm-none-eabi/lib/thumb/v7-m/nofp\libc_nano.a(libc_a-exit.o) (__stdio_exit_handler)
C:/ST/STM32CubeIDE_1.16.0/STM32CubeIDE/plugins/com.st.stm32cube.ide.mcu.externaltools.gnu-tools-for-stm32.12.3.rel1.win32_1.0.200.202406191623/tools/bin/../lib/gcc/arm-none-eabi/12.3.1/../../../../arm-none-eabi/lib/thumb/v7-m/nofp\libc_nano.a(libc_a-fwalk.o)
                              C:/ST/STM32CubeIDE_1.16.0/STM32CubeIDE/plugins/com.st.stm32cube.ide.mcu.externaltools.gnu-tools-for-stm32.12.3.rel1.win32_1.0.200.202406191623/tools/bin/../lib/gcc/arm-none-eabi/12.3.1/../../../../arm-none-eabi/lib/thumb/v7-m/nofp\libc_nano.a(libc_a-findfp.o) (_fwalk_sglue)
C:/ST/STM32CubeIDE_1.16.0/STM32CubeIDE/plugins/com.st.stm32cube.ide.mcu.externaltools.gnu-tools-for-stm32.12.3.rel1.win32_1.0.200.202406191623/tools/bin/../lib/gcc/arm-none-eabi/12.3.1/../../../../arm-none-eabi/lib/thumb/v7-m/nofp\libc_nano.a(libc_a-stdio.o)
                              C:/ST/STM32CubeIDE_1.16.0/STM32CubeIDE/plugins/com.st.stm32cube.ide.mcu.externaltools.gnu-tools-for-stm32.12.3.rel1.win32_1.0.200.202406191623/tools/bin/../lib/gcc/arm-none-eabi/12.3.1/../../../../arm-none-eabi/lib/thumb/v7-m/nofp\libc_nano.a(libc_a-findfp.o) (__sread)
C:/ST/STM32CubeIDE_1.16.0/STM32CubeIDE/plugins/com.st.stm32cube.ide.mcu.externaltools.gnu-tools-for-stm32.12.3.rel1.win32_1.0.200.202406191623/tools/bin/../lib/gcc/arm-none-eabi/12.3.1/../../../../arm-none-eabi/lib/thumb/v7-m/nofp\libc_nano.a(libc_a-memset.o)
                              C:/ST/STM32CubeIDE_1.16.0/STM32CubeIDE/plugins/com.st.stm32cube.ide.mcu.externaltools.gnu-tools-for-stm32.12.3.rel1.win32_1.0.200.202406191623/tools/bin/../lib/gcc/arm-none-eabi/12.3.1/../../../../arm-none-eabi/lib/thumb/v7-m/nofp/crt0.o (memset)
C:/ST/STM32CubeIDE_1.16.0/STM32CubeIDE/plugins/com.st.stm32cube.ide.mcu.externaltools.gnu-tools-for-stm32.12.3.rel1.win32_1.0.200.202406191623/tools/bin/../lib/gcc/arm-none-eabi/12.3.1/../../../../arm-none-eabi/lib/thumb/v7-m/nofp\libc_nano.a(libc_a-closer.o)
                              C:/ST/STM32CubeIDE_1.16.0/STM32CubeIDE/plugins/com.st.stm32cube.ide.mcu.externaltools.gnu-tools-for-stm32.12.3.rel1.win32_1.0.200.202406191623/tools/bin/../lib/gcc/arm-none-eabi/12.3.1/../../../../arm-none-eabi/lib/thumb/v7-m/nofp\libc_nano.a(libc_a-stdio.o) (_close_r)
C:/ST/STM32CubeIDE_1.16.0/STM32CubeIDE/plugins/com.st.stm32cube.ide.mcu.externaltools.gnu-tools-for-stm32.12.3.rel1.win32_1.0.200.202406191623/tools/bin/../lib/gcc/arm-none-eabi/12.3.1/../../../../arm-none-eabi/lib/thumb/v7-m/nofp\libc_nano.a(libc_a-reent.o)
                              C:/ST/STM32CubeIDE_1.16.0/STM32CubeIDE/plugins/com.st.stm32cube.ide.mcu.externaltools.gnu-tools-for-stm32.12.3.rel1.win32_1.0.200.202406191623/tools/bin/../lib/gcc/arm-none-eabi/12.3.1/../../../../arm-none-eabi/lib/thumb/v7-m/nofp\libc_nano.a(libc_a-closer.o) (errno)
C:/ST/STM32CubeIDE_1.16.0/STM32CubeIDE/plugins/com.st.stm32cube.ide.mcu.externaltools.gnu-tools-for-stm32.12.3.rel1.win32_1.0.200.202406191623/tools/bin/../lib/gcc/arm-none-eabi/12.3.1/../../../../arm-none-eabi/lib/thumb/v7-m/nofp\libc_nano.a(libc_a-impure.o)
                              C:/ST/STM32CubeIDE_1.16.0/STM32CubeIDE/plugins/com.st.stm32cube.ide.mcu.externaltools.gnu-tools-for-stm32.12.3.rel1.win32_1.0.200.202406191623/tools/bin/../lib/gcc/arm-none-eabi/12.3.1/../../../../arm-none-eabi/lib/thumb/v7-m/nofp\libc_nano.a(libc_a-reent.o) (_impure_ptr)
C:/ST/STM32CubeIDE_1.16.0/STM32CubeIDE/plugins/com.st.stm32cube.ide.mcu.externaltools.gnu-tools-for-stm32.12.3.rel1.win32_1.0.200.202406191623/tools/bin/../lib/gcc/arm-none-eabi/12.3.1/../../../../arm-none-eabi/lib/thumb/v7-m/nofp\libc_nano.a(libc_a-lseekr.o)
[...]
Memory Configuration

Name             Origin             Length             Attributes
RAM              0x20000000         0x00005000         xrw
FLASH            0x08000000         0x00010000         xr
*default*        0x00000000         0xffffffff

Linker script and memory map

LOAD C:/ST/STM32CubeIDE_1.16.0/STM32CubeIDE/plugins/com.st.stm32cube.ide.mcu.externaltools.gnu-tools-for-stm32.12.3.rel1.win32_1.0.200.202406191623/tools/bin/../lib/gcc/arm-none-eabi/12.3.1/thumb/v7-m/nofp/crti.o
LOAD C:/ST/STM32CubeIDE_1.16.0/STM32CubeIDE/plugins/com.st.stm32cube.ide.mcu.externaltools.gnu-tools-for-stm32.12.3.rel1.win32_1.0.200.202406191623/tools/bin/../lib/gcc/arm-none-eabi/12.3.1/thumb/v7-m/nofp/crtbegin.o
LOAD C:/ST/STM32CubeIDE_1.16.0/STM32CubeIDE/plugins/com.st.stm32cube.ide.mcu.externaltools.gnu-tools-for-stm32.12.3.rel1.win32_1.0.200.202406191623/tools/bin/../lib/gcc/arm-none-eabi/12.3.1/../../../../arm-none-eabi/lib/thumb/v7-m/nofp/crt0.o
LOAD ./Core/Src/main.o
LOAD ./Core/Src/stm32f1xx_hal_msp.o
LOAD ./Core/Src/stm32f1xx_it.o
LOAD ./Core/Src/syscalls.o
LOAD ./Core/Src/sysmem.o
LOAD ./Core/Src/system_stm32f1xx.o
LOAD ./Core/Startup/startup_stm32f103c8tx.o
LOAD ./Drivers/STM32F1xx_HAL_Driver/Src/stm32f1xx_hal.o
LOAD ./Drivers/STM32F1xx_HAL_Driver/Src/stm32f1xx_hal_adc.o
LOAD ./Drivers/STM32F1xx_HAL_Driver/Src/stm32f1xx_hal_adc_ex.o
LOAD ./Drivers/STM32F1xx_HAL_Driver/Src/stm32f1xx_hal_cortex.o
LOAD ./Drivers/STM32F1xx_HAL_Driver/Src/stm32f1xx_hal_dma.o
LOAD ./Drivers/STM32F1xx_HAL_Driver/Src/stm32f1xx_hal_exti.o
LOAD ./Drivers/STM32F1xx_HAL_Driver/Src/stm32f1xx_hal_flash.o
LOAD ./Drivers/STM32F1xx_HAL_Driver/Src/stm32f1xx_hal_flash_ex.o
LOAD ./Drivers/STM32F1xx_HAL_Driver/Src/stm32f1xx_hal_gpio.o
LOAD ./Drivers/STM32F1xx_HAL_Driver/Src/stm32f1xx_hal_gpio_ex.o
LOAD ./Drivers/STM32F1xx_HAL_Driver/Src/stm32f1xx_hal_pcd.o
LOAD ./Drivers/STM32F1xx_HAL_Driver/Src/stm32f1xx_hal_pcd_ex.o
LOAD ./Drivers/STM32F1xx_HAL_Driver/Src/stm32f1xx_hal_pwr.o
LOAD ./Drivers/STM32F1xx_HAL_Driver/Src/stm32f1xx_hal_rcc.o
LOAD ./Drivers/STM32F1xx_HAL_Driver/Src/stm32f1xx_hal_rcc_ex.o
LOAD ./Drivers/STM32F1xx_HAL_Driver/Src/stm32f1xx_hal_tim.o
LOAD ./Drivers/STM32F1xx_HAL_Driver/Src/stm32f1xx_hal_tim_ex.o
LOAD ./Drivers/STM32F1xx_HAL_Driver/Src/stm32f1xx_ll_usb.o
LOAD ./Middlewares/ST/STM32_USB_Device_Library/Class/HID/Src/usbd_hid.o
LOAD ./Middlewares/ST/STM32_USB_Device_Library/Core/Src/usbd_core.o
LOAD ./Middlewares/ST/STM32_USB_Device_Library/Core/Src/usbd_ctlreq.o
LOAD ./Middlewares/ST/STM32_USB_Device_Library/Core/Src/usbd_ioreq.o
LOAD ./USB_DEVICE/App/usb_device.o
LOAD ./USB_DEVICE/App/usbd_desc.o
LOAD ./USB_DEVICE/Target/usbd_conf.o
START GROUP
LOAD C:/ST/STM32CubeIDE_1.16.0/STM32CubeIDE/plugins/com.st.stm32cube.ide.mcu.externaltools.gnu-tools-for-stm32.12.3.rel1.win32_1.0.200.202406191623/tools/bin/../lib/gcc/arm-none-eabi/12.3.1/../../../../arm-none-eabi/lib/thumb/v7-m/nofp\libc_nano.a
LOAD C:/ST/STM32CubeIDE_1.16.0/STM32CubeIDE/plugins/com.st.stm32cube.ide.mcu.externaltools.gnu-tools-for-stm32.12.3.rel1.win32_1.0.200.202406191623/tools/bin/../lib/gcc/arm-none-eabi/12.3.1/../../../../arm-none-eabi/lib/thumb/v7-m/nofp\libm.a
END GROUP
START GROUP
LOAD C:/ST/STM32CubeIDE_1.16.0/STM32CubeIDE/plugins/com.st.stm32cube.ide.mcu.externaltools.gnu-tools-for-stm32.12.3.rel1.win32_1.0.200.202406191623/tools/bin/../lib/gcc/arm-none-eabi/12.3.1/thumb/v7-m/nofp\libgcc.a
LOAD C:/ST/STM32CubeIDE_1.16.0/STM32CubeIDE/plugins/com.st.stm32cube.ide.mcu.externaltools.gnu-tools-for-stm32.12.3.rel1.win32_1.0.200.202406191623/tools/bin/../lib/gcc/arm-none-eabi/12.3.1/../../../../arm-none-eabi/lib/thumb/v7-m/nofp\libc_nano.a
END GROUP
START GROUP
LOAD C:/ST/STM32CubeIDE_1.16.0/STM32CubeIDE/plugins/com.st.stm32cube.ide.mcu.externaltools.gnu-tools-for-stm32.12.3.rel1.win32_1.0.200.202406191623/tools/bin/../lib/gcc/arm-none-eabi/12.3.1/thumb/v7-m/nofp\libgcc.a
LOAD C:/ST/STM32CubeIDE_1.16.0/STM32CubeIDE/plugins/com.st.stm32cube.ide.mcu.externaltools.gnu-tools-for-stm32.12.3.rel1.win32_1.0.200.202406191623/tools/bin/../lib/gcc/arm-none-eabi/12.3.1/../../../../arm-none-eabi/lib/thumb/v7-m/nofp\libc_nano.a
LOAD C:/ST/STM32CubeIDE_1.16.0/STM32CubeIDE/plugins/com.st.stm32cube.ide.mcu.externaltools.gnu-tools-for-stm32.12.3.rel1.win32_1.0.200.202406191623/tools/bin/../lib/gcc/arm-none-eabi/12.3.1/../../../../arm-none-eabi/lib/thumb/v7-m/nofp\libnosys.a
END GROUP
START GROUP
LOAD C:/ST/STM32CubeIDE_1.16.0/STM32CubeIDE/plugins/com.st.stm32cube.ide.mcu.externaltools.gnu-tools-for-stm32.12.3.rel1.win32_1.0.200.202406191623/tools/bin/../lib/gcc/arm-none-eabi/12.3.1/thumb/v7-m/nofp\libgcc.a
LOAD C:/ST/STM32CubeIDE_1.16.0/STM32CubeIDE/plugins/com.st.stm32cube.ide.mcu.externaltools.gnu-tools-for-stm32.12.3.rel1.win32_1.0.200.202406191623/tools/bin/../lib/gcc/arm-none-eabi/12.3.1/../../../../arm-none-eabi/lib/thumb/v7-m/nofp\libc_nano.a
LOAD C:/ST/STM32CubeIDE_1.16.0/STM32CubeIDE/plugins/com.st.stm32cube.ide.mcu.externaltools.gnu-tools-for-stm32.12.3.rel1.win32_1.0.200.202406191623/tools/bin/../lib/gcc/arm-none-eabi/12.3.1/../../../../arm-none-eabi/lib/thumb/v7-m/nofp\libnosys.a
END GROUP
LOAD C:/ST/STM32CubeIDE_1.16.0/STM32CubeIDE/plugins/com.st.stm32cube.ide.mcu.externaltools.gnu-tools-for-stm32.12.3.rel1.win32_1.0.200.202406191623/tools/bin/../lib/gcc/arm-none-eabi/12.3.1/thumb/v7-m/nofp/crtend.o
LOAD C:/ST/STM32CubeIDE_1.16.0/STM32CubeIDE/plugins/com.st.stm32cube.ide.mcu.externaltools.gnu-tools-for-stm32.12.3.rel1.win32_1.0.200.202406191623/tools/bin/../lib/gcc/arm-none-eabi/12.3.1/thumb/v7-m/nofp/crtn.o
                0x20005000                        _estack = (ORIGIN (RAM) + LENGTH (RAM))
                0x00000200                        _Min_Heap_Size = 0x200
                0x00000400                        _Min_Stack_Size = 0x400

.isr_vector     0x08000000      0x10c
                0x08000000                        . = ALIGN (0x4)
 *(.isr_vector)
 .isr_vector    0x08000000      0x10c ./Core/Startup/startup_stm32f103c8tx.o
                0x08000000                g_pfnVectors
                0x0800010c                        . = ALIGN (0x4)

.text           0x08000110     0x9c68
                0x08000110                        . = ALIGN (0x4)
 *(.text)
 .text          0x08000110       0x40 C:/ST/STM32CubeIDE_1.16.0/STM32CubeIDE/plugins/com.st.stm32cube.ide.mcu.externaltools.gnu-tools-for-stm32.12.3.rel1.win32_1.0.200.202406191623/tools/bin/../lib/gcc/arm-none-eabi/12.3.1/thumb/v7-m/nofp/crtbegin.o
 .text          0x08000150      0x378 C:/ST/STM32CubeIDE_1.16.0/STM32CubeIDE/plugins/com.st.stm32cube.ide.mcu.externaltools.gnu-tools-for-stm32.12.3.rel1.win32_1.0.200.202406191623/tools/bin/../lib/gcc/arm-none-eabi/12.3.1/thumb/v7-m/nofp\libgcc.a(_arm_addsubdf3.o)
                0x08000150                __aeabi_drsub
                0x08000158                __aeabi_dsub
                0x08000158                __subdf3
                0x0800015c                __aeabi_dadd
                0x0800015c                __adddf3
                0x080003d4                __floatunsidf
                0x080003d4                __aeabi_ui2d
                0x080003f4                __floatsidf
                0x080003f4                __aeabi_i2d
                0x08000418                __aeabi_f2d
                0x08000418                __extendsfdf2
                0x0800045c                __floatundidf
                0x0800045c                __aeabi_ul2d
                0x0800046c                __floatdidf
                0x0800046c                __aeabi_l2d
 .text          0x080004c8      0x424 C:/ST/STM32CubeIDE_1.16.0/STM32CubeIDE/plugins/com.st.stm32cube.ide.mcu.externaltools.gnu-tools-for-stm32.12.3.rel1.win32_1.0.200.202406191623/tools/bin/../lib/gcc/arm-none-eabi/12.3.1/thumb/v7-m/nofp\libgcc.a(_arm_muldivdf3.o)
                0x080004c8                __aeabi_dmul
                0x080004c8                __muldf3
                0x0800071c                __divdf3
                0x0800071c                __aeabi_ddiv
 .text          0x080008ec      0x110 C:/ST/STM32CubeIDE_1.16.0/STM32CubeIDE/plugins/com.st.stm32cube.ide.mcu.externaltools.gnu-tools-for-stm32.12.3.rel1.win32_1.0.200.202406191623/tools/bin/../lib/gcc/arm-none-eabi/12.3.1/thumb/v7-m/nofp\libgcc.a(_arm_cmpdf2.o)
                0x080008ec                __gtdf2
                0x080008ec                __gedf2
                0x080008f4                __ltdf2
                0x080008f4                __ledf2
                0x080008fc                __nedf2
                0x080008fc                __eqdf2
                0x080008fc                __cmpdf2
                0x08000978                __aeabi_cdrcmple
                0x08000988                __aeabi_cdcmpeq
                0x08000988                __aeabi_cdcmple
                0x08000998                __aeabi_dcmpeq
                0x080009ac                __aeabi_dcmplt
                0x080009c0                __aeabi_dcmple
                0x080009d4                __aeabi_dcmpge
                0x080009e8                __aeabi_dcmpgt
 .text          0x080009fc       0x2c C:/ST/STM32CubeIDE_1.16.0/STM32CubeIDE/plugins/com.st.stm32cube.ide.mcu.externaltools.gnu-tools-for-stm32.12.3.rel1.win32_1.0.200.202406191623/tools/bin/../lib/gcc/arm-none-eabi/12.3.1/thumb/v7-m/nofp\libgcc.a(_arm_unorddf2.o)
                0x080009fc                __unorddf2
                0x080009fc                __aeabi_dcmpun
 .text          0x08000a28       0x50 C:/ST/STM32CubeIDE_1.16.0/STM32CubeIDE/plugins/com.st.stm32cube.ide.mcu.externaltools.gnu-tools-for-stm32.12.3.rel1.win32_1.0.200.202406191623/tools/bin/../lib/gcc/arm-none-eabi/12.3.1/thumb/v7-m/nofp\libgcc.a(_arm_fixdfsi.o)
                0x08000a28                __aeabi_d2iz
                0x08000a28                __fixdfsi
 .text          0x08000a78      0x21c C:/ST/STM32CubeIDE_1.16.0/STM32CubeIDE/plugins/com.st.stm32cube.ide.mcu.externaltools.gnu-tools-for-stm32.12.3.rel1.win32_1.0.200.202406191623/tools/bin/../lib/gcc/arm-none-eabi/12.3.1/thumb/v7-m/nofp\libgcc.a(_arm_addsubsf3.o)
                0x08000a78                __aeabi_frsub
                0x08000a80                __subsf3
                0x08000a80                __aeabi_fsub
                0x08000a84                __aeabi_fadd
                0x08000a84                __addsf3
                0x08000be4                __aeabi_ui2f
                0x08000be4                __floatunsisf
                0x08000bec                __aeabi_i2f
                0x08000bec                __floatsisf
                0x08000c08                __aeabi_ul2f
                0x08000c08                __floatundisf
                0x08000c18                __aeabi_l2f
                0x08000c18                __floatdisf
 .text          0x08000c94      0x2a0 C:/ST/STM32CubeIDE_1.16.0/STM32CubeIDE/plugins/com.st.stm32cube.ide.mcu.externaltools.gnu-tools-for-stm32.12.3.rel1.win32_1.0.200.202406191623/tools/bin/../lib/gcc/arm-none-eabi/12.3.1/thumb/v7-m/nofp\libgcc.a(_arm_muldivsf3.o)
                0x08000c94                __mulsf3
                0x08000c94                __aeabi_fmul
                0x08000dfc                __aeabi_fdiv
                0x08000dfc                __divsf3
 .text          0x08000f34       0xec C:/ST/STM32CubeIDE_1.16.0/STM32CubeIDE/plugins/com.st.stm32cube.ide.mcu.externaltools.gnu-tools-for-stm32.12.3.rel1.win32_1.0.200.202406191623/tools/bin/../lib/gcc/arm-none-eabi/12.3.1/thumb/v7-m/nofp\libgcc.a(_arm_cmpsf2.o)
                0x08000f34                __gesf2
                0x08000f34                __gtsf2
                0x08000f3c                __lesf2
                0x08000f3c                __ltsf2
                0x08000f44                __nesf2
                0x08000f44                __eqsf2
                0x08000f44                __cmpsf2
                0x08000fa4                __aeabi_cfrcmple
                0x08000fac                __aeabi_cfcmpeq
                0x08000fac                __aeabi_cfcmple
                0x08000fbc                __aeabi_fcmpeq
                0x08000fd0                __aeabi_fcmplt
                0x08000fe4                __aeabi_fcmple
                0x08000ff8                __aeabi_fcmpge
                0x0800100c                __aeabi_fcmpgt
 *(.text*)
 .text.main     0x08001020       0xa0 ./Core/Src/main.o
                0x08001020                main
 .text.SystemClock_Config
                0x080010c0       0xbc ./Core/Src/main.o
                0x080010c0                SystemClock_Config
 .text.MX_ADC1_Init
                0x0800117c       0xdc ./Core/Src/main.o
 .text.MX_DMA_Init
                0x08001258       0x3c ./Core/Src/main.o
 .text.MX_GPIO_Init
                0x08001294       0x44 ./Core/Src/main.o
 .text.normalize
                0x080012d8       0x52 ./Core/Src/main.o
                0x080012d8                normalize
 *fill*         0x0800132a        0x2 
 .text.power_map
                0x0800132c       0x8c ./Core/Src/main.o
                0x0800132c                power_map
 .text.Error_Handler
                0x080013b8        0xc ./Core/Src/main.o
                0x080013b8                Error_Handler
 .text.HAL_MspInit
                0x080013c4       0x64 ./Core/Src/stm32f1xx_hal_msp.o
                0x080013c4                HAL_MspInit
 .text.HAL_ADC_MspInit
                0x08001428       0xd0 ./Core/Src/stm32f1xx_hal_msp.o
                0x08001428                HAL_ADC_MspInit
 .text.NMI_Handler
                0x080014f8        0x8 ./Core/Src/stm32f1xx_it.o
                0x080014f8                NMI_Handler
 .text.HardFault_Handler
                0x08001500        0x8 ./Core/Src/stm32f1xx_it.o
                0x08001500                HardFault_Handler
 .text.MemManage_Handler
                0x08001508        0x8 ./Core/Src/stm32f1xx_it.o
                0x08001508                MemManage_Handler
 .text.BusFault_Handler
                0x08001510        0x8 ./Core/Src/stm32f1xx_it.o
                0x08001510                BusFault_Handler
 .text.UsageFault_Handler
                0x08001518        0x8 ./Core/Src/stm32f1xx_it.o
                0x08001518                UsageFault_Handler
 .text.SVC_Handler
                0x08001520        0xc ./Core/Src/stm32f1xx_it.o
                0x08001520                SVC_Handler
 .text.DebugMon_Handler
                0x0800152c        0xc ./Core/Src/stm32f1xx_it.o
                0x0800152c                DebugMon_Handler
 .text.PendSV_Handler
                0x08001538        0xc ./Core/Src/stm32f1xx_it.o
                0x08001538                PendSV_Handler
 .text.SysTick_Handler
                0x08001544        0xc ./Core/Src/stm32f1xx_it.o
                0x08001544                SysTick_Handler
 .text.DMA1_Channel1_IRQHandler
                0x08001550       0x14 ./Core/Src/stm32f1xx_it.o
                0x08001550                DMA1_Channel1_IRQHandler
 .text.USB_LP_CAN1_RX0_IRQHandler
                0x08001564       0x14 ./Core/Src/stm32f1xx_it.o
                0x08001564                USB_LP_CAN1_RX0_IRQHandler
 .text.SystemInit
                0x08001578        0xc ./Core/Src/system_stm32f1xx.o
                0x08001578                SystemInit
 .text.Reset_Handler
                0x08001584       0x48 ./Core/Startup/startup_stm32f103c8tx.o
                0x08001584                Reset_Handler
 .text.Default_Handler
                0x080015cc        0x2 ./Core/Startup/startup_stm32f103c8tx.o
                0x080015cc                RTC_Alarm_IRQHandler
                0x080015cc                EXTI2_IRQHandler
                0x080015cc                TIM1_CC_IRQHandler
                0x080015cc                PVD_IRQHandler
                0x080015cc                EXTI3_IRQHandler
                0x080015cc                EXTI0_IRQHandler
                0x080015cc                I2C2_EV_IRQHandler
                0x080015cc                ADC1_2_IRQHandler
                0x080015cc                SPI1_IRQHandler
                0x080015cc                TAMPER_IRQHandler
                0x080015cc                DMA1_Channel4_IRQHandler
                0x080015cc                USART3_IRQHandler
                0x080015cc                RTC_IRQHandler
                0x080015cc                DMA1_Channel7_IRQHandler
                0x080015cc                CAN1_RX1_IRQHandler
                0x080015cc                TIM4_IRQHandler
                0x080015cc                I2C1_EV_IRQHandler
                0x080015cc                DMA1_Channel6_IRQHandler
                0x080015cc                TIM3_IRQHandler
                0x080015cc                RCC_IRQHandler
                0x080015cc                TIM1_TRG_COM_IRQHandler
                0x080015cc                Default_Handler
                0x080015cc                EXTI15_10_IRQHandler
                0x080015cc                EXTI9_5_IRQHandler
                0x080015cc                SPI2_IRQHandler
                0x080015cc                DMA1_Channel5_IRQHandler
                0x080015cc                EXTI4_IRQHandler
                0x080015cc                USB_HP_CAN1_TX_IRQHandler
                0x080015cc                DMA1_Channel3_IRQHandler
                0x080015cc                TIM1_UP_IRQHandler
                0x080015cc                WWDG_IRQHandler
                0x080015cc                TIM2_IRQHandler
                0x080015cc                TIM1_BRK_IRQHandler
                0x080015cc                EXTI1_IRQHandler
                0x080015cc                USART2_IRQHandler
                0x080015cc                I2C2_ER_IRQHandler
                0x080015cc                DMA1_Channel2_IRQHandler
                0x080015cc                CAN1_SCE_IRQHandler
                0x080015cc                FLASH_IRQHandler
                0x080015cc                USART1_IRQHandler
                0x080015cc                I2C1_ER_IRQHandler
                0x080015cc                USBWakeUp_IRQHandler
 *fill*         0x080015ce        0x2 
 .text.HAL_Init
                0x080015d0       0x2c ./Drivers/STM32F1xx_HAL_Driver/Src/stm32f1xx_hal.o
                0x080015d0                HAL_Init
 .text.HAL_InitTick
                0x080015fc       0x60 ./Drivers/STM32F1xx_HAL_Driver/Src/stm32f1xx_hal.o
                0x080015fc                HAL_InitTick
 .text.HAL_IncTick
                0x0800165c       0x24 ./Drivers/STM32F1xx_HAL_Driver/Src/stm32f1xx_hal.o
                0x0800165c                HAL_IncTick
 .text.HAL_GetTick
                0x08001680       0x14 ./Drivers/STM32F1xx_HAL_Driver/Src/stm32f1xx_hal.o
                0x08001680                HAL_GetTick
 .text.HAL_Delay
                0x08001694       0x48 ./Drivers/STM32F1xx_HAL_Driver/Src/stm32f1xx_hal.o
                0x08001694                HAL_Delay
 .text.HAL_ADC_Init
                0x080016dc      0x1b0 ./Drivers/STM32F1xx_HAL_Driver/Src/stm32f1xx_hal_adc.o
                0x080016dc                HAL_ADC_Init
 .text.HAL_ADC_Start_DMA
                0x0800188c      0x1bc ./Drivers/STM32F1xx_HAL_Driver/Src/stm32f1xx_hal_adc.o
                0x0800188c                HAL_ADC_Start_DMA
 .text.HAL_ADC_ConvCpltCallback
                0x08001a48       0x12 ./Drivers/STM32F1xx_HAL_Driver/Src/stm32f1xx_hal_adc.o
                0x08001a48                HAL_ADC_ConvCpltCallback
 .text.HAL_ADC_ConvHalfCpltCallback
                0x08001a5a       0x12 ./Drivers/STM32F1xx_HAL_Driver/Src/stm32f1xx_hal_adc.o
                0x08001a5a                HAL_ADC_ConvHalfCpltCallback
 .text.HAL_ADC_ErrorCallback
                0x08001a6c       0x12 ./Drivers/STM32F1xx_HAL_Driver/Src/stm32f1xx_hal_adc.o
                0x08001a6c                HAL_ADC_ErrorCallback
 *fill*         0x08001a7e        0x2 
 .text.HAL_ADC_ConfigChannel
                0x08001a80      0x1f0 ./Drivers/STM32F1xx_HAL_Driver/Src/stm32f1xx_hal_adc.o
                0x08001a80                HAL_ADC_ConfigChannel
 .text.HAL_ADC_AnalogWDGConfig
                0x08001c70       0xac ./Drivers/STM32F1xx_HAL_Driver/Src/stm32f1xx_hal_adc.o
                0x08001c70                HAL_ADC_AnalogWDGConfig
 .text.ADC_Enable
                0x08001d1c       0xb4 ./Drivers/STM32F1xx_HAL_Driver/Src/stm32f1xx_hal_adc.o
                0x08001d1c                ADC_Enable
 .text.ADC_ConversionStop_Disable
                0x08001dd0       0x82 ./Drivers/STM32F1xx_HAL_Driver/Src/stm32f1xx_hal_adc.o
                0x08001dd0                ADC_ConversionStop_Disable
 .text.ADC_DMAConvCplt
                0x08001e52       0x7c ./Drivers/STM32F1xx_HAL_Driver/Src/stm32f1xx_hal_adc.o
                0x08001e52                ADC_DMAConvCplt
 .text.ADC_DMAHalfConvCplt
                0x08001ece       0x1c ./Drivers/STM32F1xx_HAL_Driver/Src/stm32f1xx_hal_adc.o
                0x08001ece                ADC_DMAHalfConvCplt
 .text.ADC_DMAError
                0x08001eea       0x34 ./Drivers/STM32F1xx_HAL_Driver/Src/stm32f1xx_hal_adc.o
                0x08001eea                ADC_DMAError
 *fill*         0x08001f1e        0x2 
 .text.__NVIC_SetPriorityGrouping
                0x08001f20       0x48 ./Drivers/STM32F1xx_HAL_Driver/Src/stm32f1xx_hal_cortex.o
 .text.__NVIC_GetPriorityGrouping
                0x08001f68       0x1c ./Drivers/STM32F1xx_HAL_Driver/Src/stm32f1xx_hal_cortex.o
 .text.__NVIC_EnableIRQ
                0x08001f84       0x38 ./Drivers/STM32F1xx_HAL_Driver/Src/stm32f1xx_hal_cortex.o
 .text.__NVIC_SetPriority
                0x08001fbc       0x54 ./Drivers/STM32F1xx_HAL_Driver/Src/stm32f1xx_hal_cortex.o
 .text.NVIC_EncodePriority
                0x08002010       0x64 ./Drivers/STM32F1xx_HAL_Driver/Src/stm32f1xx_hal_cortex.o
 .text.SysTick_Config
                0x08002074       0x44 ./Drivers/STM32F1xx_HAL_Driver/Src/stm32f1xx_hal_cortex.o
 .text.HAL_NVIC_SetPriorityGrouping
                0x080020b8       0x16 ./Drivers/STM32F1xx_HAL_Driver/Src/stm32f1xx_hal_cortex.o
                0x080020b8                HAL_NVIC_SetPriorityGrouping
 .text.HAL_NVIC_SetPriority
                0x080020ce       0x38 ./Drivers/STM32F1xx_HAL_Driver/Src/stm32f1xx_hal_cortex.o
                0x080020ce                HAL_NVIC_SetPriority
 .text.HAL_NVIC_EnableIRQ
                0x08002106       0x1c ./Drivers/STM32F1xx_HAL_Driver/Src/stm32f1xx_hal_cortex.o
                0x08002106                HAL_NVIC_EnableIRQ
 .text.HAL_SYSTICK_Config
                0x08002122       0x18 ./Drivers/STM32F1xx_HAL_Driver/Src/stm32f1xx_hal_cortex.o
                0x08002122                HAL_SYSTICK_Config
 *fill*         0x0800213a        0x2 
 .text.HAL_DMA_Init
                0x0800213c       0xb4 ./Drivers/STM32F1xx_HAL_Driver/Src/stm32f1xx_hal_dma.o
                0x0800213c                HAL_DMA_Init
 .text.HAL_DMA_Start_IT
                0x080021f0       0xc0 ./Drivers/STM32F1xx_HAL_Driver/Src/stm32f1xx_hal_dma.o
                0x080021f0                HAL_DMA_Start_IT
 .text.HAL_DMA_IRQHandler
                0x080022b0      0x20c ./Drivers/STM32F1xx_HAL_Driver/Src/stm32f1xx_hal_dma.o
                0x080022b0                HAL_DMA_IRQHandler
 .text.DMA_SetConfig
                0x080024bc       0x5a ./Drivers/STM32F1xx_HAL_Driver/Src/stm32f1xx_hal_dma.o
 *fill*         0x08002516        0x2 
 .text.HAL_GPIO_Init
                0x08002518      0x308 ./Drivers/STM32F1xx_HAL_Driver/Src/stm32f1xx_hal_gpio.o
                0x08002518                HAL_GPIO_Init
 .text.HAL_PCD_Init
                0x08002820      0x1ec ./Drivers/STM32F1xx_HAL_Driver/Src/stm32f1xx_hal_pcd.o
                0x08002820                HAL_PCD_Init
 .text.HAL_PCD_Start
                0x08002a0c       0x4c ./Drivers/STM32F1xx_HAL_Driver/Src/stm32f1xx_hal_pcd.o
                0x08002a0c                HAL_PCD_Start
 .text.HAL_PCD_IRQHandler
                0x08002a58      0x260 ./Drivers/STM32F1xx_HAL_Driver/Src/stm32f1xx_hal_pcd.o
                0x08002a58                HAL_PCD_IRQHandler
 .text.HAL_PCD_SetAddress
                0x08002cb8       0x48 ./Drivers/STM32F1xx_HAL_Driver/Src/stm32f1xx_hal_pcd.o
                0x08002cb8                HAL_PCD_SetAddress
 .text.HAL_PCD_EP_Open
                0x08002d00       0xba ./Drivers/STM32F1xx_HAL_Driver/Src/stm32f1xx_hal_pcd.o
                0x08002d00                HAL_PCD_EP_Open
 .text.HAL_PCD_EP_Close
                0x08002dba       0x90 ./Drivers/STM32F1xx_HAL_Driver/Src/stm32f1xx_hal_pcd.o
                0x08002dba                HAL_PCD_EP_Close
 .text.HAL_PCD_EP_Receive
                0x08002e4a       0x62 ./Drivers/STM32F1xx_HAL_Driver/Src/stm32f1xx_hal_pcd.o
                0x08002e4a                HAL_PCD_EP_Receive
 .text.HAL_PCD_EP_Transmit
                0x08002eac       0x6e ./Drivers/STM32F1xx_HAL_Driver/Src/stm32f1xx_hal_pcd.o
                0x08002eac                HAL_PCD_EP_Transmit
 .text.HAL_PCD_EP_SetStall
                0x08002f1a       0xc0 ./Drivers/STM32F1xx_HAL_Driver/Src/stm32f1xx_hal_pcd.o
                0x08002f1a                HAL_PCD_EP_SetStall
 .text.HAL_PCD_EP_ClrStall
                0x08002fda       0xa8 ./Drivers/STM32F1xx_HAL_Driver/Src/stm32f1xx_hal_pcd.o
                0x08002fda                HAL_PCD_EP_ClrStall
 .text.PCD_EP_ISR_Handler
                0x08003082      0x79e ./Drivers/STM32F1xx_HAL_Driver/Src/stm32f1xx_hal_pcd.o
 .text.HAL_PCD_EP_DB_Receive
                0x08003820      0x21a ./Drivers/STM32F1xx_HAL_Driver/Src/stm32f1xx_hal_pcd.o
 .text.HAL_PCD_EP_DB_Transmit
                0x08003a3a      0x7f4 ./Drivers/STM32F1xx_HAL_Driver/Src/stm32f1xx_hal_pcd.o
 .text.HAL_PCDEx_PMAConfig
                0x0800422e       0x84 ./Drivers/STM32F1xx_HAL_Driver/Src/stm32f1xx_hal_pcd_ex.o
                0x0800422e                HAL_PCDEx_PMAConfig
 *fill*         0x080042b2        0x2 
 .text.HAL_RCC_OscConfig
                0x080042b4      0x504 ./Drivers/STM32F1xx_HAL_Driver/Src/stm32f1xx_hal_rcc.o
                0x080042b4                HAL_RCC_OscConfig
 .text.HAL_RCC_ClockConfig
                0x080047b8      0x1d4 ./Drivers/STM32F1xx_HAL_Driver/Src/stm32f1xx_hal_rcc.o
                0x080047b8                HAL_RCC_ClockConfig
 .text.HAL_RCC_GetSysClockFreq
                0x0800498c       0xa8 ./Drivers/STM32F1xx_HAL_Driver/Src/stm32f1xx_hal_rcc.o
                0x0800498c                HAL_RCC_GetSysClockFreq
 .text.RCC_Delay
                0x08004a34       0x3c ./Drivers/STM32F1xx_HAL_Driver/Src/stm32f1xx_hal_rcc.o
 .text.HAL_RCCEx_PeriphCLKConfig
                0x08004a70      0x16c ./Drivers/STM32F1xx_HAL_Driver/Src/stm32f1xx_hal_rcc_ex.o
                0x08004a70                HAL_RCCEx_PeriphCLKConfig
 .text.USB_CoreInit
                0x08004bdc       0x1a ./Drivers/STM32F1xx_HAL_Driver/Src/stm32f1xx_ll_usb.o
                0x08004bdc                USB_CoreInit
 .text.USB_EnableGlobalInt
                0x08004bf6       0x2c ./Drivers/STM32F1xx_HAL_Driver/Src/stm32f1xx_ll_usb.o
                0x08004bf6                USB_EnableGlobalInt
 .text.USB_DisableGlobalInt
                0x08004c22       0x34 ./Drivers/STM32F1xx_HAL_Driver/Src/stm32f1xx_ll_usb.o
                0x08004c22                USB_DisableGlobalInt
 .text.USB_SetCurrentMode
                0x08004c56       0x18 ./Drivers/STM32F1xx_HAL_Driver/Src/stm32f1xx_ll_usb.o
                0x08004c56                USB_SetCurrentMode
 .text.USB_DevInit
                0x08004c6e       0x3a ./Drivers/STM32F1xx_HAL_Driver/Src/stm32f1xx_ll_usb.o
                0x08004c6e                USB_DevInit
 .text.USB_ActivateEndpoint
                0x08004ca8      0x780 ./Drivers/STM32F1xx_HAL_Driver/Src/stm32f1xx_ll_usb.o
                0x08004ca8                USB_ActivateEndpoint
 .text.USB_DeactivateEndpoint
                0x08005428      0x3d8 ./Drivers/STM32F1xx_HAL_Driver/Src/stm32f1xx_ll_usb.o
                0x08005428                USB_DeactivateEndpoint
 .text.USB_EPStartXfer
                0x08005800     0x1762 ./Drivers/STM32F1xx_HAL_Driver/Src/stm32f1xx_ll_usb.o
                0x08005800                USB_EPStartXfer
 .text.USB_EPSetStall
                0x08006f62       0xa0 ./Drivers/STM32F1xx_HAL_Driver/Src/stm32f1xx_ll_usb.o
                0x08006f62                USB_EPSetStall
 .text.USB_EPClearStall
                0x08007002      0x15a ./Drivers/STM32F1xx_HAL_Driver/Src/stm32f1xx_ll_usb.o
                0x08007002                USB_EPClearStall
 .text.USB_SetDevAddress
                0x0800715c       0x26 ./Drivers/STM32F1xx_HAL_Driver/Src/stm32f1xx_ll_usb.o
                0x0800715c                USB_SetDevAddress
 .text.USB_DevConnect
                0x08007182       0x14 ./Drivers/STM32F1xx_HAL_Driver/Src/stm32f1xx_ll_usb.o
                0x08007182                USB_DevConnect
 .text.USB_DevDisconnect
                0x08007196       0x14 ./Drivers/STM32F1xx_HAL_Driver/Src/stm32f1xx_ll_usb.o
                0x08007196                USB_DevDisconnect
 .text.USB_ReadInterrupts
                0x080071aa       0x1e ./Drivers/STM32F1xx_HAL_Driver/Src/stm32f1xx_ll_usb.o
                0x080071aa                USB_ReadInterrupts
 .text.USB_EP0_OutStart
                0x080071c8       0x16 ./Drivers/STM32F1xx_HAL_Driver/Src/stm32f1xx_ll_usb.o
                0x080071c8                USB_EP0_OutStart
 .text.USB_WritePMA
                0x080071de       0x8a ./Drivers/STM32F1xx_HAL_Driver/Src/stm32f1xx_ll_usb.o
                0x080071de                USB_WritePMA
 .text.USB_ReadPMA
                0x08007268       0x9e ./Drivers/STM32F1xx_HAL_Driver/Src/stm32f1xx_ll_usb.o
                0x08007268                USB_ReadPMA
 .text.USBD_HID_Init
                0x08007306       0x4e ./Middlewares/ST/STM32_USB_Device_Library/Class/HID/Src/usbd_hid.o
 .text.USBD_HID_DeInit
                0x08007354       0x42 ./Middlewares/ST/STM32_USB_Device_Library/Class/HID/Src/usbd_hid.o
 *fill*         0x08007396        0x2 
 .text.USBD_HID_Setup
                0x08007398      0x1fc ./Middlewares/ST/STM32_USB_Device_Library/Class/HID/Src/usbd_hid.o
 .text.USBD_HID_SendReport
                0x08007594       0x44 ./Middlewares/ST/STM32_USB_Device_Library/Class/HID/Src/usbd_hid.o
                0x08007594                USBD_HID_SendReport
 .text.USBD_HID_GetFSCfgDesc
                0x080075d8       0x20 ./Middlewares/ST/STM32_USB_Device_Library/Class/HID/Src/usbd_hid.o
 .text.USBD_HID_GetHSCfgDesc
                0x080075f8       0x20 ./Middlewares/ST/STM32_USB_Device_Library/Class/HID/Src/usbd_hid.o
 .text.USBD_HID_GetOtherSpeedCfgDesc
                0x08007618       0x20 ./Middlewares/ST/STM32_USB_Device_Library/Class/HID/Src/usbd_hid.o
 .text.USBD_HID_DataIn
                0x08007638       0x22 ./Middlewares/ST/STM32_USB_Device_Library/Class/HID/Src/usbd_hid.o
 *fill*         0x0800765a        0x2 
 .text.USBD_HID_GetDeviceQualifierDesc
                0x0800765c       0x20 ./Middlewares/ST/STM32_USB_Device_Library/Class/HID/Src/usbd_hid.o
 .text.USBD_Init
                0x0800767c       0x56 ./Middlewares/ST/STM32_USB_Device_Library/Core/Src/usbd_core.o
                0x0800767c                USBD_Init
 .text.USBD_RegisterClass
                0x080076d2       0x32 ./Middlewares/ST/STM32_USB_Device_Library/Core/Src/usbd_core.o
                0x080076d2                USBD_RegisterClass
 .text.USBD_Start
                0x08007704       0x18 ./Middlewares/ST/STM32_USB_Device_Library/Core/Src/usbd_core.o
                0x08007704                USBD_Start
 .text.USBD_RunTestMode
                0x0800771c       0x14 ./Middlewares/ST/STM32_USB_Device_Library/Core/Src/usbd_core.o
                0x0800771c                USBD_RunTestMode
 .text.USBD_SetClassConfig
                0x08007730       0x3e ./Middlewares/ST/STM32_USB_Device_Library/Core/Src/usbd_core.o
                0x08007730                USBD_SetClassConfig
 .text.USBD_ClrClassConfig
                0x0800776e       0x26 ./Middlewares/ST/STM32_USB_Device_Library/Core/Src/usbd_core.o
                0x0800776e                USBD_ClrClassConfig
 .text.USBD_LL_SetupStage
                0x08007794       0x9a ./Middlewares/ST/STM32_USB_Device_Library/Core/Src/usbd_core.o
                0x08007794                USBD_LL_SetupStage
 .text.USBD_LL_DataOutStage
                0x0800782e       0xe2 ./Middlewares/ST/STM32_USB_Device_Library/Core/Src/usbd_core.o
                0x0800782e                USBD_LL_DataOutStage
 .text.USBD_LL_DataInStage
                0x08007910      0x14a ./Middlewares/ST/STM32_USB_Device_Library/Core/Src/usbd_core.o
                0x08007910                USBD_LL_DataInStage
 .text.USBD_LL_Reset
                0x08007a5a       0x82 ./Middlewares/ST/STM32_USB_Device_Library/Core/Src/usbd_core.o
                0x08007a5a                USBD_LL_Reset
 .text.USBD_LL_SetSpeed
                0x08007adc       0x1e ./Middlewares/ST/STM32_USB_Device_Library/Core/Src/usbd_core.o
                0x08007adc                USBD_LL_SetSpeed
 .text.USBD_LL_Suspend
                0x08007afa       0x28 ./Middlewares/ST/STM32_USB_Device_Library/Core/Src/usbd_core.o
                0x08007afa                USBD_LL_Suspend
 .text.USBD_LL_Resume
                0x08007b22       0x2a ./Middlewares/ST/STM32_USB_Device_Library/Core/Src/usbd_core.o
                0x08007b22                USBD_LL_Resume
 .text.USBD_LL_SOF
                0x08007b4c       0x34 ./Middlewares/ST/STM32_USB_Device_Library/Core/Src/usbd_core.o
                0x08007b4c                USBD_LL_SOF
 .text.USBD_StdDevReq
                0x08007b80       0xd4 ./Middlewares/ST/STM32_USB_Device_Library/Core/Src/usbd_ctlreq.o
                0x08007b80                USBD_StdDevReq
 .text.USBD_StdItfReq
                0x08007c54       0x90 ./Middlewares/ST/STM32_USB_Device_Library/Core/Src/usbd_ctlreq.o
                0x08007c54                USBD_StdItfReq
 .text.USBD_StdEPReq
                0x08007ce4      0x2c6 ./Middlewares/ST/STM32_USB_Device_Library/Core/Src/usbd_ctlreq.o
                0x08007ce4                USBD_StdEPReq
 *fill*         0x08007faa        0x2 
 .text.USBD_GetDescriptor
                0x08007fac      0x2d0 ./Middlewares/ST/STM32_USB_Device_Library/Core/Src/usbd_ctlreq.o
 .text.USBD_SetAddress
                0x0800827c       0x86 ./Middlewares/ST/STM32_USB_Device_Library/Core/Src/usbd_ctlreq.o
 *fill*         0x08008302        0x2 
 .text.USBD_SetConfig
                0x08008304      0x11c ./Middlewares/ST/STM32_USB_Device_Library/Core/Src/usbd_ctlreq.o
 .text.USBD_GetConfig
                0x08008420       0x6a ./Middlewares/ST/STM32_USB_Device_Library/Core/Src/usbd_ctlreq.o
 .text.USBD_GetStatus
                0x0800848a       0x66 ./Middlewares/ST/STM32_USB_Device_Library/Core/Src/usbd_ctlreq.o
 .text.USBD_SetFeature
                0x080084f0       0x28 ./Middlewares/ST/STM32_USB_Device_Library/Core/Src/usbd_ctlreq.o
 .text.USBD_ClrFeature
                0x08008518       0x42 ./Middlewares/ST/STM32_USB_Device_Library/Core/Src/usbd_ctlreq.o
 .text.USBD_ParseSetupRequest
                0x0800855a       0x72 ./Middlewares/ST/STM32_USB_Device_Library/Core/Src/usbd_ctlreq.o
                0x0800855a                USBD_ParseSetupRequest
 .text.USBD_CtlError
                0x080085cc       0x22 ./Middlewares/ST/STM32_USB_Device_Library/Core/Src/usbd_ctlreq.o
                0x080085cc                USBD_CtlError
 .text.USBD_GetString
                0x080085ee       0x84 ./Middlewares/ST/STM32_USB_Device_Library/Core/Src/usbd_ctlreq.o
                0x080085ee                USBD_GetString
 .text.USBD_GetLen
                0x08008672       0x2e ./Middlewares/ST/STM32_USB_Device_Library/Core/Src/usbd_ctlreq.o
 .text.USBD_CtlSendData
                0x080086a0       0x38 ./Middlewares/ST/STM32_USB_Device_Library/Core/Src/usbd_ioreq.o
                0x080086a0                USBD_CtlSendData
 .text.USBD_CtlContinueSendData
                0x080086d8       0x24 ./Middlewares/ST/STM32_USB_Device_Library/Core/Src/usbd_ioreq.o
                0x080086d8                USBD_CtlContinueSendData
 .text.USBD_CtlContinueRx
                0x080086fc       0x24 ./Middlewares/ST/STM32_USB_Device_Library/Core/Src/usbd_ioreq.o
                0x080086fc                USBD_CtlContinueRx
 .text.USBD_CtlSendStatus
                0x08008720       0x26 ./Middlewares/ST/STM32_USB_Device_Library/Core/Src/usbd_ioreq.o
                0x08008720                USBD_CtlSendStatus
 .text.USBD_CtlReceiveStatus
                0x08008746       0x26 ./Middlewares/ST/STM32_USB_Device_Library/Core/Src/usbd_ioreq.o
                0x08008746                USBD_CtlReceiveStatus
 .text.MX_USB_DEVICE_Init
                0x0800876c       0x4c ./USB_DEVICE/App/usb_device.o
                0x0800876c                MX_USB_DEVICE_Init
 .text.USBD_FS_DeviceDescriptor
                0x080087b8       0x24 ./USB_DEVICE/App/usbd_desc.o
                0x080087b8                USBD_FS_DeviceDescriptor
 .text.USBD_FS_LangIDStrDescriptor
                0x080087dc       0x24 ./USB_DEVICE/App/usbd_desc.o
                0x080087dc                USBD_FS_LangIDStrDescriptor
 .text.USBD_FS_ProductStrDescriptor
                0x08008800       0x3c ./USB_DEVICE/App/usbd_desc.o
                0x08008800                USBD_FS_ProductStrDescriptor
 .text.USBD_FS_ManufacturerStrDescriptor
                0x0800883c       0x28 ./USB_DEVICE/App/usbd_desc.o
                0x0800883c                USBD_FS_ManufacturerStrDescriptor
 .text.USBD_FS_SerialStrDescriptor
                0x08008864       0x24 ./USB_DEVICE/App/usbd_desc.o
                0x08008864                USBD_FS_SerialStrDescriptor
 .text.USBD_FS_ConfigStrDescriptor
                0x08008888       0x3c ./USB_DEVICE/App/usbd_desc.o
                0x08008888                USBD_FS_ConfigStrDescriptor
 .text.USBD_FS_InterfaceStrDescriptor
                0x080088c4       0x3c ./USB_DEVICE/App/usbd_desc.o
                0x080088c4                USBD_FS_InterfaceStrDescriptor
 .text.Get_SerialNum
                0x08008900       0x58 ./USB_DEVICE/App/usbd_desc.o
 .text.IntToUnicode
                0x08008958       0x7c ./USB_DEVICE/App/usbd_desc.o
 .text.HAL_PCD_MspInit
                0x080089d4       0x4c ./USB_DEVICE/Target/usbd_conf.o
                0x080089d4                HAL_PCD_MspInit
 .text.HAL_PCD_SetupStageCallback
                0x08008a20       0x24 ./USB_DEVICE/Target/usbd_conf.o
                0x08008a20                HAL_PCD_SetupStageCallback
 .text.HAL_PCD_DataOutStageCallback
                0x08008a44       0x36 ./USB_DEVICE/Target/usbd_conf.o
                0x08008a44                HAL_PCD_DataOutStageCallback
 .text.HAL_PCD_DataInStageCallback
                0x08008a7a       0x34 ./USB_DEVICE/Target/usbd_conf.o
                0x08008a7a                HAL_PCD_DataInStageCallback
 .text.HAL_PCD_SOFCallback
                0x08008aae       0x1c ./USB_DEVICE/Target/usbd_conf.o
                0x08008aae                HAL_PCD_SOFCallback
 .text.HAL_PCD_ResetCallback
                0x08008aca       0x3c ./USB_DEVICE/Target/usbd_conf.o
                0x08008aca                HAL_PCD_ResetCallback
 *fill*         0x08008b06        0x2 
 .text.HAL_PCD_SuspendCallback
                0x08008b08       0x34 ./USB_DEVICE/Target/usbd_conf.o
                0x08008b08                HAL_PCD_SuspendCallback
 .text.HAL_PCD_ResumeCallback
                0x08008b3c       0x1c ./USB_DEVICE/Target/usbd_conf.o
                0x08008b3c                HAL_PCD_ResumeCallback
 .text.USBD_LL_Init
                0x08008b58       0x90 ./USB_DEVICE/Target/usbd_conf.o
                0x08008b58                USBD_LL_Init
 .text.USBD_LL_Start
                0x08008be8       0x36 ./USB_DEVICE/Target/usbd_conf.o
                0x08008be8                USBD_LL_Start
 .text.USBD_LL_OpenEP
                0x08008c1e       0x4c ./USB_DEVICE/Target/usbd_conf.o
                0x08008c1e                USBD_LL_OpenEP
 .text.USBD_LL_CloseEP
                0x08008c6a       0x3e ./USB_DEVICE/Target/usbd_conf.o
                0x08008c6a                USBD_LL_CloseEP
 .text.USBD_LL_StallEP
                0x08008ca8       0x3e ./USB_DEVICE/Target/usbd_conf.o
                0x08008ca8                USBD_LL_StallEP
 .text.USBD_LL_ClearStallEP
                0x08008ce6       0x3e ./USB_DEVICE/Target/usbd_conf.o
                0x08008ce6                USBD_LL_ClearStallEP
 .text.USBD_LL_IsStallEP
                0x08008d24       0x56 ./USB_DEVICE/Target/usbd_conf.o
                0x08008d24                USBD_LL_IsStallEP
 .text.USBD_LL_SetUSBAddress
                0x08008d7a       0x3e ./USB_DEVICE/Target/usbd_conf.o
                0x08008d7a                USBD_LL_SetUSBAddress
 .text.USBD_LL_Transmit
                0x08008db8       0x46 ./USB_DEVICE/Target/usbd_conf.o
                0x08008db8                USBD_LL_Transmit
 .text.USBD_LL_PrepareReceive
                0x08008dfe       0x46 ./USB_DEVICE/Target/usbd_conf.o
                0x08008dfe                USBD_LL_PrepareReceive
 .text.USBD_static_malloc
                0x08008e44       0x18 ./USB_DEVICE/Target/usbd_conf.o
                0x08008e44                USBD_static_malloc
 .text.USBD_static_free
                0x08008e5c       0x12 ./USB_DEVICE/Target/usbd_conf.o
                0x08008e5c                USBD_static_free
 .text.HAL_PCDEx_SetConnectionState
                0x08008e6e       0x16 ./USB_DEVICE/Target/usbd_conf.o
                0x08008e6e                HAL_PCDEx_SetConnectionState
 .text.USBD_Get_USB_Status
                0x08008e84       0x58 ./USB_DEVICE/Target/usbd_conf.o
 .text.memset   0x08008edc       0x10 C:/ST/STM32CubeIDE_1.16.0/STM32CubeIDE/plugins/com.st.stm32cube.ide.mcu.externaltools.gnu-tools-for-stm32.12.3.rel1.win32_1.0.200.202406191623/tools/bin/../lib/gcc/arm-none-eabi/12.3.1/../../../../arm-none-eabi/lib/thumb/v7-m/nofp\libc_nano.a(libc_a-memset.o)
                0x08008edc                memset
 .text.__errno  0x08008eec        0xc C:/ST/STM32CubeIDE_1.16.0/STM32CubeIDE/plugins/com.st.stm32cube.ide.mcu.externaltools.gnu-tools-for-stm32.12.3.rel1.win32_1.0.200.202406191623/tools/bin/../lib/gcc/arm-none-eabi/12.3.1/../../../../arm-none-eabi/lib/thumb/v7-m/nofp\libc_nano.a(libc_a-errno.o)
                0x08008eec                __errno
 .text.__libc_init_array
                0x08008ef8       0x48 C:/ST/STM32CubeIDE_1.16.0/STM32CubeIDE/plugins/com.st.stm32cube.ide.mcu.externaltools.gnu-tools-for-stm32.12.3.rel1.win32_1.0.200.202406191623/tools/bin/../lib/gcc/arm-none-eabi/12.3.1/../../../../arm-none-eabi/lib/thumb/v7-m/nofp\libc_nano.a(libc_a-init.o)
                0x08008ef8                __libc_init_array
 .text.pow      0x08008f40       0xd0 C:/ST/STM32CubeIDE_1.16.0/STM32CubeIDE/plugins/com.st.stm32cube.ide.mcu.externaltools.gnu-tools-for-stm32.12.3.rel1.win32_1.0.200.202406191623/tools/bin/../lib/gcc/arm-none-eabi/12.3.1/../../../../arm-none-eabi/lib/thumb/v7-m/nofp\libm.a(libm_a-w_pow.o)
                0x08008f40                pow
 .text.finite   0x08009010        0xc C:/ST/STM32CubeIDE_1.16.0/STM32CubeIDE/plugins/com.st.stm32cube.ide.mcu.externaltools.gnu-tools-for-stm32.12.3.rel1.win32_1.0.200.202406191623/tools/bin/../lib/gcc/arm-none-eabi/12.3.1/../../../../arm-none-eabi/lib/thumb/v7-m/nofp\libm.a(libm_a-s_finite.o)
                0x08009010                finite
 *fill*         0x0800901c        0x4 
 .text.__ieee754_pow
                0x08009020      0xa50 C:/ST/STM32CubeIDE_1.16.0/STM32CubeIDE/plugins/com.st.stm32cube.ide.mcu.externaltools.gnu-tools-for-stm32.12.3.rel1.win32_1.0.200.202406191623/tools/bin/../lib/gcc/arm-none-eabi/12.3.1/../../../../arm-none-eabi/lib/thumb/v7-m/nofp\libm.a(libm_a-e_pow.o)
                0x08009020                __ieee754_pow
 .text.fabs     0x08009a70        0x8 C:/ST/STM32CubeIDE_1.16.0/STM32CubeIDE/plugins/com.st.stm32cube.ide.mcu.externaltools.gnu-tools-for-stm32.12.3.rel1.win32_1.0.200.202406191623/tools/bin/../lib/gcc/arm-none-eabi/12.3.1/../../../../arm-none-eabi/lib/thumb/v7-m/nofp\libm.a(libm_a-s_fabs.o)
                0x08009a70                fabs
 .text.scalbn   0x08009a78       0xec C:/ST/STM32CubeIDE_1.16.0/STM32CubeIDE/plugins/com.st.stm32cube.ide.mcu.externaltools.gnu-tools-for-stm32.12.3.rel1.win32_1.0.200.202406191623/tools/bin/../lib/gcc/arm-none-eabi/12.3.1/../../../../arm-none-eabi/lib/thumb/v7-m/nofp\libm.a(libm_a-s_scalbn.o)
                0x08009a78                scalbn
 .text.with_errno
                0x08009b64       0x14 C:/ST/STM32CubeIDE_1.16.0/STM32CubeIDE/plugins/com.st.stm32cube.ide.mcu.externaltools.gnu-tools-for-stm32.12.3.rel1.win32_1.0.200.202406191623/tools/bin/../lib/gcc/arm-none-eabi/12.3.1/../../../../arm-none-eabi/lib/thumb/v7-m/nofp\libm.a(libm_a-math_err.o)
 .text.xflow    0x08009b78       0x26 C:/ST/STM32CubeIDE_1.16.0/STM32CubeIDE/plugins/com.st.stm32cube.ide.mcu.externaltools.gnu-tools-for-stm32.12.3.rel1.win32_1.0.200.202406191623/tools/bin/../lib/gcc/arm-none-eabi/12.3.1/../../../../arm-none-eabi/lib/thumb/v7-m/nofp\libm.a(libm_a-math_err.o)
 .text.__math_uflow
                0x08009b9e        0xa C:/ST/STM32CubeIDE_1.16.0/STM32CubeIDE/plugins/com.st.stm32cube.ide.mcu.externaltools.gnu-tools-for-stm32.12.3.rel1.win32_1.0.200.202406191623/tools/bin/../lib/gcc/arm-none-eabi/12.3.1/../../../../arm-none-eabi/lib/thumb/v7-m/nofp\libm.a(libm_a-math_err.o)
                0x08009b9e                __math_uflow
 .text.__math_oflow
                0x08009ba8        0xa C:/ST/STM32CubeIDE_1.16.0/STM32CubeIDE/plugins/com.st.stm32cube.ide.mcu.externaltools.gnu-tools-for-stm32.12.3.rel1.win32_1.0.200.202406191623/tools/bin/../lib/gcc/arm-none-eabi/12.3.1/../../../../arm-none-eabi/lib/thumb/v7-m/nofp\libm.a(libm_a-math_err.o)
                0x08009ba8                __math_oflow
 *fill*         0x08009bb2        0x2 
 .text.__ieee754_sqrt
                0x08009bb4      0x1ac C:/ST/STM32CubeIDE_1.16.0/STM32CubeIDE/plugins/com.st.stm32cube.ide.mcu.externaltools.gnu-tools-for-stm32.12.3.rel1.win32_1.0.200.202406191623/tools/bin/../lib/gcc/arm-none-eabi/12.3.1/../../../../arm-none-eabi/lib/thumb/v7-m/nofp\libm.a(libm_a-e_sqrt.o)
                0x08009bb4                __ieee754_sqrt
 *(.glue_7)
 .glue_7        0x08009d60        0x0 linker stubs
 *(.glue_7t)
 .glue_7t       0x08009d60        0x0 linker stubs
 *(.eh_frame)
 .eh_frame      0x08009d60        0x0 C:/ST/STM32CubeIDE_1.16.0/STM32CubeIDE/plugins/com.st.stm32cube.ide.mcu.externaltools.gnu-tools-for-stm32.12.3.rel1.win32_1.0.200.202406191623/tools/bin/../lib/gcc/arm-none-eabi/12.3.1/thumb/v7-m/nofp/crtbegin.o
 *(.init)
 .init          0x08009d60        0x4 C:/ST/STM32CubeIDE_1.16.0/STM32CubeIDE/plugins/com.st.stm32cube.ide.mcu.externaltools.gnu-tools-for-stm32.12.3.rel1.win32_1.0.200.202406191623/tools/bin/../lib/gcc/arm-none-eabi/12.3.1/thumb/v7-m/nofp/crti.o
                0x08009d60                _init
 .init          0x08009d64        0x8 C:/ST/STM32CubeIDE_1.16.0/STM32CubeIDE/plugins/com.st.stm32cube.ide.mcu.externaltools.gnu-tools-for-stm32.12.3.rel1.win32_1.0.200.202406191623/tools/bin/../lib/gcc/arm-none-eabi/12.3.1/thumb/v7-m/nofp/crtn.o
 *(.fini)
 .fini          0x08009d6c        0x4 C:/ST/STM32CubeIDE_1.16.0/STM32CubeIDE/plugins/com.st.stm32cube.ide.mcu.externaltools.gnu-tools-for-stm32.12.3.rel1.win32_1.0.200.202406191623/tools/bin/../lib/gcc/arm-none-eabi/12.3.1/thumb/v7-m/nofp/crti.o
                0x08009d6c                _fini
 .fini          0x08009d70        0x8 C:/ST/STM32CubeIDE_1.16.0/STM32CubeIDE/plugins/com.st.stm32cube.ide.mcu.externaltools.gnu-tools-for-stm32.12.3.rel1.win32_1.0.200.202406191623/tools/bin/../lib/gcc/arm-none-eabi/12.3.1/thumb/v7-m/nofp/crtn.o
                0x08009d78                        . = ALIGN (0x4)
                0x08009d78                        _etext = .

.vfp11_veneer   0x08009d78        0x0
 .vfp11_veneer  0x08009d78        0x0 linker stubs

.v4_bx          0x08009d78        0x0
 .v4_bx         0x08009d78        0x0 linker stubs

.iplt           0x08009d78        0x0
 .iplt          0x08009d78        0x0 C:/ST/STM32CubeIDE_1.16.0/STM32CubeIDE/plugins/com.st.stm32cube.ide.mcu.externaltools.gnu-tools-for-stm32.12.3.rel1.win32_1.0.200.202406191623/tools/bin/../lib/gcc/arm-none-eabi/12.3.1/thumb/v7-m/nofp/crtbegin.o

.rodata         0x08009d78       0xa0
                0x08009d78                        . = ALIGN (0x4)
 *(.rodata)
 .rodata        0x08009d78       0x46 ./USB_DEVICE/App/usbd_desc.o
 *(.rodata*)
 *fill*         0x08009dbe        0x2 
 .rodata.AHBPrescTable
                0x08009dc0       0x10 ./Core/Src/system_stm32f1xx.o
                0x08009dc0                AHBPrescTable
 .rodata.aPLLMULFactorTable.1
                0x08009dd0       0x10 ./Drivers/STM32F1xx_HAL_Driver/Src/stm32f1xx_hal_rcc.o
 .rodata.aPredivFactorTable.0
                0x08009de0        0x2 ./Drivers/STM32F1xx_HAL_Driver/Src/stm32f1xx_hal_rcc.o
 *fill*         0x08009de2        0x6 
 .rodata.dp_l   0x08009de8       0x10 C:/ST/STM32CubeIDE_1.16.0/STM32CubeIDE/plugins/com.st.stm32cube.ide.mcu.externaltools.gnu-tools-for-stm32.12.3.rel1.win32_1.0.200.202406191623/tools/bin/../lib/gcc/arm-none-eabi/12.3.1/../../../../arm-none-eabi/lib/thumb/v7-m/nofp\libm.a(libm_a-e_pow.o)
 .rodata.dp_h   0x08009df8       0x10 C:/ST/STM32CubeIDE_1.16.0/STM32CubeIDE/plugins/com.st.stm32cube.ide.mcu.externaltools.gnu-tools-for-stm32.12.3.rel1.win32_1.0.200.202406191623/tools/bin/../lib/gcc/arm-none-eabi/12.3.1/../../../../arm-none-eabi/lib/thumb/v7-m/nofp\libm.a(libm_a-e_pow.o)
 .rodata.bp     0x08009e08       0x10 C:/ST/STM32CubeIDE_1.16.0/STM32CubeIDE/plugins/com.st.stm32cube.ide.mcu.externaltools.gnu-tools-for-stm32.12.3.rel1.win32_1.0.200.202406191623/tools/bin/../lib/gcc/arm-none-eabi/12.3.1/../../../../arm-none-eabi/lib/thumb/v7-m/nofp\libm.a(libm_a-e_pow.o)
                0x08009e18                        . = ALIGN (0x4)

.ARM.extab      0x08009e18        0x0
                0x08009e18                        . = ALIGN (0x4)
 *(.ARM.extab* .gnu.linkonce.armextab.*)
                0x08009e18                        . = ALIGN (0x4)

.ARM            0x08009e18        0x0
                0x08009e18                        . = ALIGN (0x4)
                0x08009e18                        __exidx_start = .
 *(.ARM.exidx*)
                0x08009e18                        __exidx_end = .
                0x08009e18                        . = ALIGN (0x4)

.preinit_array  0x08009e18        0x0
                0x08009e18                        . = ALIGN (0x4)
                0x08009e18                        PROVIDE (__preinit_array_start = .)
 *(.preinit_array*)
                0x08009e18                        PROVIDE (__preinit_array_end = .)
                0x08009e18                        . = ALIGN (0x4)

.init_array     0x08009e18        0x4
                0x08009e18                        . = ALIGN (0x4)
                0x08009e18                        PROVIDE (__init_array_start = .)
 *(SORT_BY_NAME(.init_array.*))
 *(.init_array*)
 .init_array    0x08009e18        0x4 C:/ST/STM32CubeIDE_1.16.0/STM32CubeIDE/plugins/com.st.stm32cube.ide.mcu.externaltools.gnu-tools-for-stm32.12.3.rel1.win32_1.0.200.202406191623/tools/bin/../lib/gcc/arm-none-eabi/12.3.1/thumb/v7-m/nofp/crtbegin.o
                0x08009e1c                        PROVIDE (__init_array_end = .)
                0x08009e1c                        . = ALIGN (0x4)

.fini_array     0x08009e1c        0x4
                0x08009e1c                        . = ALIGN (0x4)
                [!provide]                        PROVIDE (__fini_array_start = .)
 *(SORT_BY_NAME(.fini_array.*))
 *(.fini_array*)
 .fini_array    0x08009e1c        0x4 C:/ST/STM32CubeIDE_1.16.0/STM32CubeIDE/plugins/com.st.stm32cube.ide.mcu.externaltools.gnu-tools-for-stm32.12.3.rel1.win32_1.0.200.202406191623/tools/bin/../lib/gcc/arm-none-eabi/12.3.1/thumb/v7-m/nofp/crtbegin.o
                [!provide]                        PROVIDE (__fini_array_end = .)
                0x08009e20                        . = ALIGN (0x4)
                0x08009e20                        _sidata = LOADADDR (.data)

.rel.dyn        0x08009e20        0x0
 .rel.iplt      0x08009e20        0x0 C:/ST/STM32CubeIDE_1.16.0/STM32CubeIDE/plugins/com.st.stm32cube.ide.mcu.externaltools.gnu-tools-for-stm32.12.3.rel1.win32_1.0.200.202406191623/tools/bin/../lib/gcc/arm-none-eabi/12.3.1/thumb/v7-m/nofp/crtbegin.o

.data           0x20000000      0x1c8 load address 0x08009e20
                0x20000000                        . = ALIGN (0x4)
                0x20000000                        _sdata = .
 *(.data)
 *(.data*)
 .data.SystemCoreClock
                0x20000000        0x4 ./Core/Src/system_stm32f1xx.o
                0x20000000                SystemCoreClock
 .data.uwTickPrio
                0x20000004        0x4 ./Drivers/STM32F1xx_HAL_Driver/Src/stm32f1xx_hal.o
                0x20000004                uwTickPrio
 .data.uwTickFreq
                0x20000008        0x1 ./Drivers/STM32F1xx_HAL_Driver/Src/stm32f1xx_hal.o
                0x20000008                uwTickFreq
 *fill*         0x20000009        0x3 
 .data.USBD_HID
                0x2000000c       0x38 ./Middlewares/ST/STM32_USB_Device_Library/Class/HID/Src/usbd_hid.o
                0x2000000c                USBD_HID
 .data.USBD_HID_CfgFSDesc
                0x20000044       0x22 ./Middlewares/ST/STM32_USB_Device_Library/Class/HID/Src/usbd_hid.o
 *fill*         0x20000066        0x2 
 .data.USBD_HID_CfgHSDesc
                0x20000068       0x22 ./Middlewares/ST/STM32_USB_Device_Library/Class/HID/Src/usbd_hid.o
 *fill*         0x2000008a        0x2 
 .data.USBD_HID_OtherSpeedCfgDesc
                0x2000008c       0x22 ./Middlewares/ST/STM32_USB_Device_Library/Class/HID/Src/usbd_hid.o
 *fill*         0x200000ae        0x2 
 .data.USBD_HID_Desc
                0x200000b0        0x9 ./Middlewares/ST/STM32_USB_Device_Library/Class/HID/Src/usbd_hid.o
 *fill*         0x200000b9        0x3 
 .data.USBD_HID_DeviceQualifierDesc
                0x200000bc        0xa ./Middlewares/ST/STM32_USB_Device_Library/Class/HID/Src/usbd_hid.o
 *fill*         0x200000c6        0x2 
 .data.HID_MOUSE_ReportDesc
                0x200000c8       0x4a ./Middlewares/ST/STM32_USB_Device_Library/Class/HID/Src/usbd_hid.o
 *fill*         0x20000112        0x2 
 .data.FS_Desc  0x20000114       0x1c ./USB_DEVICE/App/usbd_desc.o
                0x20000114                FS_Desc
 .data.USBD_FS_DeviceDesc
                0x20000130       0x12 ./USB_DEVICE/App/usbd_desc.o
                0x20000130                USBD_FS_DeviceDesc
 *fill*         0x20000142        0x2 
 .data.USBD_LangIDDesc
                0x20000144        0x4 ./USB_DEVICE/App/usbd_desc.o
                0x20000144                USBD_LangIDDesc
 .data.USBD_StringSerial
                0x20000148       0x1a ./USB_DEVICE/App/usbd_desc.o
                0x20000148                USBD_StringSerial
 *fill*         0x20000162        0x2 
 .data._impure_ptr
                0x20000164        0x4 C:/ST/STM32CubeIDE_1.16.0/STM32CubeIDE/plugins/com.st.stm32cube.ide.mcu.externaltools.gnu-tools-for-stm32.12.3.rel1.win32_1.0.200.202406191623/tools/bin/../lib/gcc/arm-none-eabi/12.3.1/../../../../arm-none-eabi/lib/thumb/v7-m/nofp\libc_nano.a(libc_a-impure.o)
                0x20000164                _impure_ptr
 .data._impure_data
                0x20000168       0x4c C:/ST/STM32CubeIDE_1.16.0/STM32CubeIDE/plugins/com.st.stm32cube.ide.mcu.externaltools.gnu-tools-for-stm32.12.3.rel1.win32_1.0.200.202406191623/tools/bin/../lib/gcc/arm-none-eabi/12.3.1/../../../../arm-none-eabi/lib/thumb/v7-m/nofp\libc_nano.a(libc_a-impure.o)
                0x20000168                _impure_data
 *fill*         0x200001b4        0x4 
 .data.tiny     0x200001b8        0x8 C:/ST/STM32CubeIDE_1.16.0/STM32CubeIDE/plugins/com.st.stm32cube.ide.mcu.externaltools.gnu-tools-for-stm32.12.3.rel1.win32_1.0.200.202406191623/tools/bin/../lib/gcc/arm-none-eabi/12.3.1/../../../../arm-none-eabi/lib/thumb/v7-m/nofp\libm.a(libm_a-e_sqrt.o)
 .data.one      0x200001c0        0x8 C:/ST/STM32CubeIDE_1.16.0/STM32CubeIDE/plugins/com.st.stm32cube.ide.mcu.externaltools.gnu-tools-for-stm32.12.3.rel1.win32_1.0.200.202406191623/tools/bin/../lib/gcc/arm-none-eabi/12.3.1/../../../../arm-none-eabi/lib/thumb/v7-m/nofp\libm.a(libm_a-e_sqrt.o)
 *(.RamFunc)
 *(.RamFunc*)
                0x200001c8                        . = ALIGN (0x4)
                0x200001c8                        _edata = .

.igot.plt       0x200001c8        0x0 load address 0x08009fe8
 .igot.plt      0x200001c8        0x0 C:/ST/STM32CubeIDE_1.16.0/STM32CubeIDE/plugins/com.st.stm32cube.ide.mcu.externaltools.gnu-tools-for-stm32.12.3.rel1.win32_1.0.200.202406191623/tools/bin/../lib/gcc/arm-none-eabi/12.3.1/thumb/v7-m/nofp/crtbegin.o
                0x200001c8                        . = ALIGN (0x4)

.bss            0x200001c8      0x990 load address 0x08009fe8
                0x200001c8                        _sbss = .
                0x200001c8                        __bss_start__ = _sbss
 *(.bss)
 .bss           0x200001c8       0x1c C:/ST/STM32CubeIDE_1.16.0/STM32CubeIDE/plugins/com.st.stm32cube.ide.mcu.externaltools.gnu-tools-for-stm32.12.3.rel1.win32_1.0.200.202406191623/tools/bin/../lib/gcc/arm-none-eabi/12.3.1/thumb/v7-m/nofp/crtbegin.o
 *(.bss*)
 .bss.hadc1     0x200001e4       0x30 ./Core/Src/main.o
                0x200001e4                hadc1
 .bss.hdma_adc1
                0x20000214       0x44 ./Core/Src/main.o
                0x20000214                hdma_adc1
 .bss.buffer    0x20000258        0x4 ./Core/Src/main.o
                0x20000258                buffer
 .bss.adc_values
                0x2000025c        0x8 ./Core/Src/main.o
                0x2000025c                adc_values
 .bss.x         0x20000264        0x1 ./Core/Src/main.o
                0x20000264                x
 .bss.y         0x20000265        0x1 ./Core/Src/main.o
                0x20000265                y
 *fill*         0x20000266        0x2 
 .bss.uwTick    0x20000268        0x4 ./Drivers/STM32F1xx_HAL_Driver/Src/stm32f1xx_hal.o
                0x20000268                uwTick
 .bss.cfgidx.0  0x2000026c        0x1 ./Middlewares/ST/STM32_USB_Device_Library/Core/Src/usbd_ctlreq.o
 *fill*         0x2000026d        0x3 
 .bss.hUsbDeviceFS
                0x20000270      0x2c4 ./USB_DEVICE/App/usb_device.o
                0x20000270                hUsbDeviceFS
 .bss.USBD_StrDesc
                0x20000534      0x200 ./USB_DEVICE/App/usbd_desc.o
                0x20000534                USBD_StrDesc
 .bss.hpcd_USB_FS
                0x20000734      0x2d8 ./USB_DEVICE/Target/usbd_conf.o
                0x20000734                hpcd_USB_FS
 .bss.mem.0     0x20000a0c       0x14 ./USB_DEVICE/Target/usbd_conf.o
 .bss.__sf      0x20000a20      0x138 C:/ST/STM32CubeIDE_1.16.0/STM32CubeIDE/plugins/com.st.stm32cube.ide.mcu.externaltools.gnu-tools-for-stm32.12.3.rel1.win32_1.0.200.202406191623/tools/bin/../lib/gcc/arm-none-eabi/12.3.1/../../../../arm-none-eabi/lib/thumb/v7-m/nofp\libc_nano.a(libc_a-findfp.o)
                0x20000a20                __sf
 *(COMMON)
                0x20000b58                        . = ALIGN (0x4)
                0x20000b58                        _ebss = .
                0x20000b58                        __bss_end__ = _ebss

._user_heap_stack
                0x20000b58      0x600 load address 0x08009fe8
                0x20000b58                        . = ALIGN (0x8)
                [!provide]                        PROVIDE (end = .)
                0x20000b58                        PROVIDE (_end = .)
                0x20000d58                        . = (. + _Min_Heap_Size)
 *fill*         0x20000b58      0x200 
                0x20001158                        . = (. + _Min_Stack_Size)
 *fill*         0x20000d58      0x400 
                0x20001158                        . = ALIGN (0x8)

/DISCARD/
 libc.a(*)
 libm.a(*)
 libgcc.a(*)

.ARM.attributes
                0x00000000       0x29
 *(.ARM.attributes)
 .ARM.attributes
                0x00000000       0x1d C:/ST/STM32CubeIDE_1.16.0/STM32CubeIDE/plugins/com.st.stm32cube.ide.mcu.externaltools.gnu-tools-for-stm32.12.3.rel1.win32_1.0.200.202406191623/tools/bin/../lib/gcc/arm-none-eabi/12.3.1/thumb/v7-m/nofp/crti.o
 .ARM.attributes
                0x0000001d       0x2d C:/ST/STM32CubeIDE_1.16.0/STM32CubeIDE/plugins/com.st.stm32cube.ide.mcu.externaltools.gnu-tools-for-stm32.12.3.rel1.win32_1.0.200.202406191623/tools/bin/../lib/gcc/arm-none-eabi/12.3.1/thumb/v7-m/nofp/crtbegin.o
 .ARM.attributes
                0x0000004a       0x2d ./Core/Src/main.o
 .ARM.attributes
                0x00000077       0x2d ./Core/Src/stm32f1xx_hal_msp.o
 .ARM.attributes
                0x000000a4       0x2d ./Core/Src/stm32f1xx_it.o
 .ARM.attributes
                0x000000d1       0x2d ./Core/Src/system_stm32f1xx.o
 .ARM.attributes
                0x000000fe       0x21 ./Core/Startup/startup_stm32f103c8tx.o
 .ARM.attributes
                0x0000011f       0x2d ./Drivers/STM32F1xx_HAL_Driver/Src/stm32f1xx_hal.o
 .ARM.attributes
                0x0000014c       0x2d ./Drivers/STM32F1xx_HAL_Driver/Src/stm32f1xx_hal_adc.o
 .ARM.attributes
                0x00000179       0x2d ./Drivers/STM32F1xx_HAL_Driver/Src/stm32f1xx_hal_cortex.o
 .ARM.attributes
                0x000001a6       0x2d ./Drivers/STM32F1xx_HAL_Driver/Src/stm32f1xx_hal_dma.o
 .ARM.attributes
                0x000001d3       0x2d ./Drivers/STM32F1xx_HAL_Driver/Src/stm32f1xx_hal_gpio.o
 .ARM.attributes
                0x00000200       0x2d ./Drivers/STM32F1xx_HAL_Driver/Src/stm32f1xx_hal_pcd.o
 .ARM.attributes
                0x0000022d       0x2d ./Drivers/STM32F1xx_HAL_Driver/Src/stm32f1xx_hal_pcd_ex.o
 .ARM.attributes
                0x0000025a       0x2d ./Drivers/STM32F1xx_HAL_Driver/Src/stm32f1xx_hal_rcc.o
 .ARM.attributes
                0x00000287       0x2d ./Drivers/STM32F1xx_HAL_Driver/Src/stm32f1xx_hal_rcc_ex.o
 .ARM.attributes
                0x000002b4       0x2d ./Drivers/STM32F1xx_HAL_Driver/Src/stm32f1xx_ll_usb.o
 .ARM.attributes
                0x000002e1       0x2d ./Middlewares/ST/STM32_USB_Device_Library/Class/HID/Src/usbd_hid.o
 .ARM.attributes
                0x0000030e       0x2d ./Middlewares/ST/STM32_USB_Device_Library/Core/Src/usbd_core.o
 .ARM.attributes
                0x0000033b       0x2d ./Middlewares/ST/STM32_USB_Device_Library/Core/Src/usbd_ctlreq.o
 .ARM.attributes
                0x00000368       0x2d ./Middlewares/ST/STM32_USB_Device_Library/Core/Src/usbd_ioreq.o
 .ARM.attributes
                0x00000395       0x2d ./USB_DEVICE/App/usb_device.o
 .ARM.attributes
                0x000003c2       0x2d ./USB_DEVICE/App/usbd_desc.o
 .ARM.attributes
                0x000003ef       0x2d ./USB_DEVICE/Target/usbd_conf.o
 .ARM.attributes
                0x0000041c       0x2d C:/ST/STM32CubeIDE_1.16.0/STM32CubeIDE/plugins/com.st.stm32cube.ide.mcu.externaltools.gnu-tools-for-stm32.12.3.rel1.win32_1.0.200.202406191623/tools/bin/../lib/gcc/arm-none-eabi/12.3.1/../../../../arm-none-eabi/lib/thumb/v7-m/nofp\libc_nano.a(libc_a-findfp.o)
 .ARM.attributes
                0x00000449       0x2d C:/ST/STM32CubeIDE_1.16.0/STM32CubeIDE/plugins/com.st.stm32cube.ide.mcu.externaltools.gnu-tools-for-stm32.12.3.rel1.win32_1.0.200.202406191623/tools/bin/../lib/gcc/arm-none-eabi/12.3.1/../../../../arm-none-eabi/lib/thumb/v7-m/nofp\libc_nano.a(libc_a-memset.o)
 .ARM.attributes
                0x00000476       0x2d C:/ST/STM32CubeIDE_1.16.0/STM32CubeIDE/plugins/com.st.stm32cube.ide.mcu.externaltools.gnu-tools-for-stm32.12.3.rel1.win32_1.0.200.202406191623/tools/bin/../lib/gcc/arm-none-eabi/12.3.1/../../../../arm-none-eabi/lib/thumb/v7-m/nofp\libc_nano.a(libc_a-impure.o)
 .ARM.attributes
                0x000004a3       0x2d C:/ST/STM32CubeIDE_1.16.0/STM32CubeIDE/plugins/com.st.stm32cube.ide.mcu.externaltools.gnu-tools-for-stm32.12.3.rel1.win32_1.0.200.202406191623/tools/bin/../lib/gcc/arm-none-eabi/12.3.1/../../../../arm-none-eabi/lib/thumb/v7-m/nofp\libc_nano.a(libc_a-errno.o)
 .ARM.attributes
                0x000004d0       0x2d C:/ST/STM32CubeIDE_1.16.0/STM32CubeIDE/plugins/com.st.stm32cube.ide.mcu.externaltools.gnu-tools-for-stm32.12.3.rel1.win32_1.0.200.202406191623/tools/bin/../lib/gcc/arm-none-eabi/12.3.1/../../../../arm-none-eabi/lib/thumb/v7-m/nofp\libc_nano.a(libc_a-init.o)
 .ARM.attributes
                0x000004fd       0x2d C:/ST/STM32CubeIDE_1.16.0/STM32CubeIDE/plugins/com.st.stm32cube.ide.mcu.externaltools.gnu-tools-for-stm32.12.3.rel1.win32_1.0.200.202406191623/tools/bin/../lib/gcc/arm-none-eabi/12.3.1/../../../../arm-none-eabi/lib/thumb/v7-m/nofp\libm.a(libm_a-w_pow.o)
 .ARM.attributes
                0x0000052a       0x2d C:/ST/STM32CubeIDE_1.16.0/STM32CubeIDE/plugins/com.st.stm32cube.ide.mcu.externaltools.gnu-tools-for-stm32.12.3.rel1.win32_1.0.200.202406191623/tools/bin/../lib/gcc/arm-none-eabi/12.3.1/../../../../arm-none-eabi/lib/thumb/v7-m/nofp\libm.a(libm_a-s_finite.o)
 .ARM.attributes
                0x00000557       0x2d C:/ST/STM32CubeIDE_1.16.0/STM32CubeIDE/plugins/com.st.stm32cube.ide.mcu.externaltools.gnu-tools-for-stm32.12.3.rel1.win32_1.0.200.202406191623/tools/bin/../lib/gcc/arm-none-eabi/12.3.1/../../../../arm-none-eabi/lib/thumb/v7-m/nofp\libm.a(libm_a-e_pow.o)
 .ARM.attributes
                0x00000584       0x2d C:/ST/STM32CubeIDE_1.16.0/STM32CubeIDE/plugins/com.st.stm32cube.ide.mcu.externaltools.gnu-tools-for-stm32.12.3.rel1.win32_1.0.200.202406191623/tools/bin/../lib/gcc/arm-none-eabi/12.3.1/../../../../arm-none-eabi/lib/thumb/v7-m/nofp\libm.a(libm_a-s_fabs.o)
 .ARM.attributes
                0x000005b1       0x2d C:/ST/STM32CubeIDE_1.16.0/STM32CubeIDE/plugins/com.st.stm32cube.ide.mcu.externaltools.gnu-tools-for-stm32.12.3.rel1.win32_1.0.200.202406191623/tools/bin/../lib/gcc/arm-none-eabi/12.3.1/../../../../arm-none-eabi/lib/thumb/v7-m/nofp\libm.a(libm_a-s_scalbn.o)
 .ARM.attributes
                0x000005de       0x2d C:/ST/STM32CubeIDE_1.16.0/STM32CubeIDE/plugins/com.st.stm32cube.ide.mcu.externaltools.gnu-tools-for-stm32.12.3.rel1.win32_1.0.200.202406191623/tools/bin/../lib/gcc/arm-none-eabi/12.3.1/../../../../arm-none-eabi/lib/thumb/v7-m/nofp\libm.a(libm_a-math_err.o)
 .ARM.attributes
                0x0000060b       0x2d C:/ST/STM32CubeIDE_1.16.0/STM32CubeIDE/plugins/com.st.stm32cube.ide.mcu.externaltools.gnu-tools-for-stm32.12.3.rel1.win32_1.0.200.202406191623/tools/bin/../lib/gcc/arm-none-eabi/12.3.1/../../../../arm-none-eabi/lib/thumb/v7-m/nofp\libm.a(libm_a-e_sqrt.o)
 .ARM.attributes
                0x00000638       0x1d C:/ST/STM32CubeIDE_1.16.0/STM32CubeIDE/plugins/com.st.stm32cube.ide.mcu.externaltools.gnu-tools-for-stm32.12.3.rel1.win32_1.0.200.202406191623/tools/bin/../lib/gcc/arm-none-eabi/12.3.1/thumb/v7-m/nofp\libgcc.a(_arm_addsubdf3.o)
 .ARM.attributes
                0x00000655       0x1d C:/ST/STM32CubeIDE_1.16.0/STM32CubeIDE/plugins/com.st.stm32cube.ide.mcu.externaltools.gnu-tools-for-stm32.12.3.rel1.win32_1.0.200.202406191623/tools/bin/../lib/gcc/arm-none-eabi/12.3.1/thumb/v7-m/nofp\libgcc.a(_arm_muldivdf3.o)
 .ARM.attributes
                0x00000672       0x1d C:/ST/STM32CubeIDE_1.16.0/STM32CubeIDE/plugins/com.st.stm32cube.ide.mcu.externaltools.gnu-tools-for-stm32.12.3.rel1.win32_1.0.200.202406191623/tools/bin/../lib/gcc/arm-none-eabi/12.3.1/thumb/v7-m/nofp\libgcc.a(_arm_cmpdf2.o)
 .ARM.attributes
                0x0000068f       0x1d C:/ST/STM32CubeIDE_1.16.0/STM32CubeIDE/plugins/com.st.stm32cube.ide.mcu.externaltools.gnu-tools-for-stm32.12.3.rel1.win32_1.0.200.202406191623/tools/bin/../lib/gcc/arm-none-eabi/12.3.1/thumb/v7-m/nofp\libgcc.a(_arm_unorddf2.o)
 .ARM.attributes
                0x000006ac       0x1d C:/ST/STM32CubeIDE_1.16.0/STM32CubeIDE/plugins/com.st.stm32cube.ide.mcu.externaltools.gnu-tools-for-stm32.12.3.rel1.win32_1.0.200.202406191623/tools/bin/../lib/gcc/arm-none-eabi/12.3.1/thumb/v7-m/nofp\libgcc.a(_arm_fixdfsi.o)
 .ARM.attributes
                0x000006c9       0x1d C:/ST/STM32CubeIDE_1.16.0/STM32CubeIDE/plugins/com.st.stm32cube.ide.mcu.externaltools.gnu-tools-for-stm32.12.3.rel1.win32_1.0.200.202406191623/tools/bin/../lib/gcc/arm-none-eabi/12.3.1/thumb/v7-m/nofp\libgcc.a(_arm_addsubsf3.o)
 .ARM.attributes
                0x000006e6       0x1d C:/ST/STM32CubeIDE_1.16.0/STM32CubeIDE/plugins/com.st.stm32cube.ide.mcu.externaltools.gnu-tools-for-stm32.12.3.rel1.win32_1.0.200.202406191623/tools/bin/../lib/gcc/arm-none-eabi/12.3.1/thumb/v7-m/nofp\libgcc.a(_arm_muldivsf3.o)
 .ARM.attributes
                0x00000703       0x1d C:/ST/STM32CubeIDE_1.16.0/STM32CubeIDE/plugins/com.st.stm32cube.ide.mcu.externaltools.gnu-tools-for-stm32.12.3.rel1.win32_1.0.200.202406191623/tools/bin/../lib/gcc/arm-none-eabi/12.3.1/thumb/v7-m/nofp\libgcc.a(_arm_cmpsf2.o)
 .ARM.attributes
                0x00000720       0x1d C:/ST/STM32CubeIDE_1.16.0/STM32CubeIDE/plugins/com.st.stm32cube.ide.mcu.externaltools.gnu-tools-for-stm32.12.3.rel1.win32_1.0.200.202406191623/tools/bin/../lib/gcc/arm-none-eabi/12.3.1/thumb/v7-m/nofp/crtn.o
OUTPUT(USB_HID_MouseDevice.elf elf32-littlearm)
LOAD linker stubs
LOAD C:/ST/STM32CubeIDE_1.16.0/STM32CubeIDE/plugins/com.st.stm32cube.ide.mcu.externaltools.gnu-tools-for-stm32.12.3.rel1.win32_1.0.200.202406191623/tools/bin/../lib/gcc/arm-none-eabi/12.3.1/../../../../arm-none-eabi/lib/thumb/v7-m/nofp\libc.a
LOAD C:/ST/STM32CubeIDE_1.16.0/STM32CubeIDE/plugins/com.st.stm32cube.ide.mcu.externaltools.gnu-tools-for-stm32.12.3.rel1.win32_1.0.200.202406191623/tools/bin/../lib/gcc/arm-none-eabi/12.3.1/../../../../arm-none-eabi/lib/thumb/v7-m/nofp\libm.a
LOAD C:/ST/STM32CubeIDE_1.16.0/STM32CubeIDE/plugins/com.st.stm32cube.ide.mcu.externaltools.gnu-tools-for-stm32.12.3.rel1.win32_1.0.200.202406191623/tools/bin/../lib/gcc/arm-none-eabi/12.3.1/thumb/v7-m/nofp\libgcc.a

.debug_info     0x00000000     0xd40a
 .debug_info    0x00000000     0x113e ./Core/Src/main.o
 .debug_info    0x0000113e      0x81d ./Core/Src/stm32f1xx_hal_msp.o
 .debug_info    0x0000195b      0x816 ./Core/Src/stm32f1xx_it.o
 .debug_info    0x00002171      0x222 ./Core/Src/system_stm32f1xx.o
 .debug_info    0x00002393       0x30 ./Core/Startup/startup_stm32f103c8tx.o
 .debug_info    0x000023c3      0x704 ./Drivers/STM32F1xx_HAL_Driver/Src/stm32f1xx_hal.o
 .debug_info    0x00002ac7      0xc50 ./Drivers/STM32F1xx_HAL_Driver/Src/stm32f1xx_hal_adc.o
 .debug_info    0x00003717      0xa87 ./Drivers/STM32F1xx_HAL_Driver/Src/stm32f1xx_hal_cortex.o
 .debug_info    0x0000419e      0x6d2 ./Drivers/STM32F1xx_HAL_Driver/Src/stm32f1xx_hal_dma.o
 .debug_info    0x00004870      0x5ab ./Drivers/STM32F1xx_HAL_Driver/Src/stm32f1xx_hal_gpio.o
 .debug_info    0x00004e1b     0x16dc ./Drivers/STM32F1xx_HAL_Driver/Src/stm32f1xx_hal_pcd.o
 .debug_info    0x000064f7      0x6c3 ./Drivers/STM32F1xx_HAL_Driver/Src/stm32f1xx_hal_pcd_ex.o
 .debug_info    0x00006bba      0x7d5 ./Drivers/STM32F1xx_HAL_Driver/Src/stm32f1xx_hal_rcc.o
 .debug_info    0x0000738f      0x3c0 ./Drivers/STM32F1xx_HAL_Driver/Src/stm32f1xx_hal_rcc_ex.o
 .debug_info    0x0000774f     0x17ae ./Drivers/STM32F1xx_HAL_Driver/Src/stm32f1xx_ll_usb.o
 .debug_info    0x00008efd      0x927 ./Middlewares/ST/STM32_USB_Device_Library/Class/HID/Src/usbd_hid.o
 .debug_info    0x00009824      0xa52 ./Middlewares/ST/STM32_USB_Device_Library/Core/Src/usbd_core.o
 .debug_info    0x0000a276      0x91c ./Middlewares/ST/STM32_USB_Device_Library/Core/Src/usbd_ctlreq.o
 .debug_info    0x0000ab92      0x6a0 ./Middlewares/ST/STM32_USB_Device_Library/Core/Src/usbd_ioreq.o
 .debug_info    0x0000b232      0x53a ./USB_DEVICE/App/usb_device.o
 .debug_info    0x0000b76c      0x44a ./USB_DEVICE/App/usbd_desc.o
 .debug_info    0x0000bbb6     0x1854 ./USB_DEVICE/Target/usbd_conf.o

.debug_abbrev   0x00000000     0x2cfa
 .debug_abbrev  0x00000000      0x346 ./Core/Src/main.o
 .debug_abbrev  0x00000346      0x1e3 ./Core/Src/stm32f1xx_hal_msp.o
 .debug_abbrev  0x00000529      0x1b4 ./Core/Src/stm32f1xx_it.o
 .debug_abbrev  0x000006dd      0x13f ./Core/Src/system_stm32f1xx.o
 .debug_abbrev  0x0000081c       0x24 ./Core/Startup/startup_stm32f103c8tx.o
 .debug_abbrev  0x00000840      0x201 ./Drivers/STM32F1xx_HAL_Driver/Src/stm32f1xx_hal.o
 .debug_abbrev  0x00000a41      0x225 ./Drivers/STM32F1xx_HAL_Driver/Src/stm32f1xx_hal_adc.o
 .debug_abbrev  0x00000c66      0x2f8 ./Drivers/STM32F1xx_HAL_Driver/Src/stm32f1xx_hal_cortex.o
 .debug_abbrev  0x00000f5e      0x20b ./Drivers/STM32F1xx_HAL_Driver/Src/stm32f1xx_hal_dma.o
 .debug_abbrev  0x00001169      0x1ca ./Drivers/STM32F1xx_HAL_Driver/Src/stm32f1xx_hal_gpio.o
 .debug_abbrev  0x00001333      0x2d6 ./Drivers/STM32F1xx_HAL_Driver/Src/stm32f1xx_hal_pcd.o
 .debug_abbrev  0x00001609      0x189 ./Drivers/STM32F1xx_HAL_Driver/Src/stm32f1xx_hal_pcd_ex.o
 .debug_abbrev  0x00001792      0x2b3 ./Drivers/STM32F1xx_HAL_Driver/Src/stm32f1xx_hal_rcc.o
 .debug_abbrev  0x00001a45      0x188 ./Drivers/STM32F1xx_HAL_Driver/Src/stm32f1xx_hal_rcc_ex.o
 .debug_abbrev  0x00001bcd      0x1de ./Drivers/STM32F1xx_HAL_Driver/Src/stm32f1xx_ll_usb.o
 .debug_abbrev  0x00001dab      0x26b ./Middlewares/ST/STM32_USB_Device_Library/Class/HID/Src/usbd_hid.o
 .debug_abbrev  0x00002016      0x24a ./Middlewares/ST/STM32_USB_Device_Library/Core/Src/usbd_core.o
 .debug_abbrev  0x00002260      0x26b ./Middlewares/ST/STM32_USB_Device_Library/Core/Src/usbd_ctlreq.o
 .debug_abbrev  0x000024cb      0x192 ./Middlewares/ST/STM32_USB_Device_Library/Core/Src/usbd_ioreq.o
 .debug_abbrev  0x0000265d      0x188 ./USB_DEVICE/App/usb_device.o
 .debug_abbrev  0x000027e5      0x1ff ./USB_DEVICE/App/usbd_desc.o
 .debug_abbrev  0x000029e4      0x316 ./USB_DEVICE/Target/usbd_conf.o

.debug_aranges  0x00000000      0xbb0
 .debug_aranges
                0x00000000       0x58 ./Core/Src/main.o
 .debug_aranges
                0x00000058       0x30 ./Core/Src/stm32f1xx_hal_msp.o
 .debug_aranges
                0x00000088       0x70 ./Core/Src/stm32f1xx_it.o
 .debug_aranges
                0x000000f8       0x28 ./Core/Src/system_stm32f1xx.o
 .debug_aranges
                0x00000120       0x28 ./Core/Startup/startup_stm32f103c8tx.o
 .debug_aranges
                0x00000148       0xe0 ./Drivers/STM32F1xx_HAL_Driver/Src/stm32f1xx_hal.o
 .debug_aranges
                0x00000228       0xf0 ./Drivers/STM32F1xx_HAL_Driver/Src/stm32f1xx_hal_adc.o
 .debug_aranges
                0x00000318      0x100 ./Drivers/STM32F1xx_HAL_Driver/Src/stm32f1xx_hal_cortex.o
 .debug_aranges
                0x00000418       0x80 ./Drivers/STM32F1xx_HAL_Driver/Src/stm32f1xx_hal_dma.o
 .debug_aranges
                0x00000498       0x58 ./Drivers/STM32F1xx_HAL_Driver/Src/stm32f1xx_hal_gpio.o
 .debug_aranges
                0x000004f0      0x140 ./Drivers/STM32F1xx_HAL_Driver/Src/stm32f1xx_hal_pcd.o
 .debug_aranges
                0x00000630       0x38 ./Drivers/STM32F1xx_HAL_Driver/Src/stm32f1xx_hal_pcd_ex.o
 .debug_aranges
                0x00000668       0x90 ./Drivers/STM32F1xx_HAL_Driver/Src/stm32f1xx_hal_rcc.o
 .debug_aranges
                0x000006f8       0x30 ./Drivers/STM32F1xx_HAL_Driver/Src/stm32f1xx_hal_rcc_ex.o
 .debug_aranges
                0x00000728       0xf8 ./Drivers/STM32F1xx_HAL_Driver/Src/stm32f1xx_ll_usb.o
 .debug_aranges
                0x00000820       0x68 ./Middlewares/ST/STM32_USB_Device_Library/Class/HID/Src/usbd_hid.o
 .debug_aranges
                0x00000888       0xb8 ./Middlewares/ST/STM32_USB_Device_Library/Core/Src/usbd_core.o
 .debug_aranges
                0x00000940       0x88 ./Middlewares/ST/STM32_USB_Device_Library/Core/Src/usbd_ctlreq.o
 .debug_aranges
                0x000009c8       0x50 ./Middlewares/ST/STM32_USB_Device_Library/Core/Src/usbd_ioreq.o
 .debug_aranges
                0x00000a18       0x20 ./USB_DEVICE/App/usb_device.o
 .debug_aranges
                0x00000a38       0x60 ./USB_DEVICE/App/usbd_desc.o
 .debug_aranges
                0x00000a98      0x118 ./USB_DEVICE/Target/usbd_conf.o

.debug_rnglists
                0x00000000      0x89a
 .debug_rnglists
                0x00000000       0x41 ./Core/Src/main.o
 .debug_rnglists
                0x00000041       0x20 ./Core/Src/stm32f1xx_hal_msp.o
 .debug_rnglists
                0x00000061       0x4f ./Core/Src/stm32f1xx_it.o
 .debug_rnglists
                0x000000b0       0x1a ./Core/Src/system_stm32f1xx.o
 .debug_rnglists
                0x000000ca       0x19 ./Core/Startup/startup_stm32f103c8tx.o
 .debug_rnglists
                0x000000e3       0xa3 ./Drivers/STM32F1xx_HAL_Driver/Src/stm32f1xx_hal.o
 .debug_rnglists
                0x00000186       0xbc ./Drivers/STM32F1xx_HAL_Driver/Src/stm32f1xx_hal_adc.o
 .debug_rnglists
                0x00000242       0xbb ./Drivers/STM32F1xx_HAL_Driver/Src/stm32f1xx_hal_cortex.o
 .debug_rnglists
                0x000002fd       0x64 ./Drivers/STM32F1xx_HAL_Driver/Src/stm32f1xx_hal_dma.o
 .debug_rnglists
                0x00000361       0x3f ./Drivers/STM32F1xx_HAL_Driver/Src/stm32f1xx_hal_gpio.o
 .debug_rnglists
                0x000003a0       0xf4 ./Drivers/STM32F1xx_HAL_Driver/Src/stm32f1xx_hal_pcd.o
 .debug_rnglists
                0x00000494       0x26 ./Drivers/STM32F1xx_HAL_Driver/Src/stm32f1xx_hal_pcd_ex.o
 .debug_rnglists
                0x000004ba       0x6c ./Drivers/STM32F1xx_HAL_Driver/Src/stm32f1xx_hal_rcc.o
 .debug_rnglists
                0x00000526       0x21 ./Drivers/STM32F1xx_HAL_Driver/Src/stm32f1xx_hal_rcc_ex.o
 .debug_rnglists
                0x00000547       0xbd ./Drivers/STM32F1xx_HAL_Driver/Src/stm32f1xx_ll_usb.o
 .debug_rnglists
                0x00000604       0x4a ./Middlewares/ST/STM32_USB_Device_Library/Class/HID/Src/usbd_hid.o
 .debug_rnglists
                0x0000064e       0x89 ./Middlewares/ST/STM32_USB_Device_Library/Core/Src/usbd_core.o
 .debug_rnglists
                0x000006d7       0x68 ./Middlewares/ST/STM32_USB_Device_Library/Core/Src/usbd_ctlreq.o
 .debug_rnglists
                0x0000073f       0x37 ./Middlewares/ST/STM32_USB_Device_Library/Core/Src/usbd_ioreq.o
 .debug_rnglists
                0x00000776       0x13 ./USB_DEVICE/App/usb_device.o
 .debug_rnglists
                0x00000789       0x43 ./USB_DEVICE/App/usbd_desc.o
 .debug_rnglists
                0x000007cc       0xce ./USB_DEVICE/Target/usbd_conf.o

.debug_macro    0x00000000    0x199bb
 .debug_macro   0x00000000      0x378 ./Core/Src/main.o
 .debug_macro   0x00000378      0xaa8 ./Core/Src/main.o
 .debug_macro   0x00000e20      0x221 ./Core/Src/main.o
 .debug_macro   0x00001041       0x2e ./Core/Src/main.o
 .debug_macro   0x0000106f       0x22 ./Core/Src/main.o
 .debug_macro   0x00001091       0x22 ./Core/Src/main.o
 .debug_macro   0x000010b3       0x8e ./Core/Src/main.o
 .debug_macro   0x00001141       0x51 ./Core/Src/main.o
 .debug_macro   0x00001192      0x103 ./Core/Src/main.o
 .debug_macro   0x00001295       0x6a ./Core/Src/main.o
 .debug_macro   0x000012ff      0x1df ./Core/Src/main.o
 .debug_macro   0x000014de       0x1c ./Core/Src/main.o
 .debug_macro   0x000014fa       0x22 ./Core/Src/main.o
 .debug_macro   0x0000151c       0xbd ./Core/Src/main.o
 .debug_macro   0x000015d9      0xd23 ./Core/Src/main.o
 .debug_macro   0x000022fc     0xe09e ./Core/Src/main.o
 .debug_macro   0x0001039a       0x6d ./Core/Src/main.o
 .debug_macro   0x00010407     0x34a2 ./Core/Src/main.o
 .debug_macro   0x000138a9      0x189 ./Core/Src/main.o
 .debug_macro   0x00013a32       0x5c ./Core/Src/main.o
 .debug_macro   0x00013a8e      0x5bc ./Core/Src/main.o
 .debug_macro   0x0001404a      0x289 ./Core/Src/main.o
 .debug_macro   0x000142d3      0x1cb ./Core/Src/main.o
 .debug_macro   0x0001449e      0x114 ./Core/Src/main.o
 .debug_macro   0x000145b2      0x1b2 ./Core/Src/main.o
 .debug_macro   0x00014764       0x27 ./Core/Src/main.o
 .debug_macro   0x0001478b      0x136 ./Core/Src/main.o
 .debug_macro   0x000148c1      0x1bc ./Core/Src/main.o
 .debug_macro   0x00014a7d       0x34 ./Core/Src/main.o
 .debug_macro   0x00014ab1       0x3c ./Core/Src/main.o
 .debug_macro   0x00014aed       0x57 ./Core/Src/main.o
 .debug_macro   0x00014b44      0x46a ./Core/Src/main.o
 .debug_macro   0x00014fae      0x1b5 ./Core/Src/main.o
 .debug_macro   0x00015163       0x87 ./Core/Src/main.o
 .debug_macro   0x000151ea      0x240 ./Core/Src/main.o
 .debug_macro   0x0001542a      0x140 ./Core/Src/main.o
 .debug_macro   0x0001556a       0xb7 ./Core/Src/main.o
 .debug_macro   0x00015621      0x242 ./Core/Src/main.o
 .debug_macro   0x00015863       0x83 ./Core/Src/main.o
 .debug_macro   0x000158e6       0x61 ./Core/Src/main.o
 .debug_macro   0x00015947       0x24 ./Core/Src/main.o
 .debug_macro   0x0001596b       0x43 ./Core/Src/main.o
 .debug_macro   0x000159ae       0x34 ./Core/Src/main.o
 .debug_macro   0x000159e2       0x16 ./Core/Src/main.o
 .debug_macro   0x000159f8       0x35 ./Core/Src/main.o
 .debug_macro   0x00015a2d      0x369 ./Core/Src/main.o
 .debug_macro   0x00015d96       0x10 ./Core/Src/main.o
 .debug_macro   0x00015da6       0x16 ./Core/Src/main.o
 .debug_macro   0x00015dbc       0x43 ./Core/Src/main.o
 .debug_macro   0x00015dff       0x34 ./Core/Src/main.o
 .debug_macro   0x00015e33       0x10 ./Core/Src/main.o
 .debug_macro   0x00015e43       0x58 ./Core/Src/main.o
 .debug_macro   0x00015e9b       0x8e ./Core/Src/main.o
 .debug_macro   0x00015f29       0x1c ./Core/Src/main.o
 .debug_macro   0x00015f45      0x177 ./Core/Src/main.o
 .debug_macro   0x000160bc       0x16 ./Core/Src/main.o
 .debug_macro   0x000160d2       0x16 ./Core/Src/main.o
 .debug_macro   0x000160e8      0x146 ./Core/Src/main.o
 .debug_macro   0x0001622e       0x16 ./Core/Src/main.o
 .debug_macro   0x00016244       0x16 ./Core/Src/main.o
 .debug_macro   0x0001625a       0x29 ./Core/Src/main.o
 .debug_macro   0x00016283       0x16 ./Core/Src/main.o
 .debug_macro   0x00016299       0x20 ./Core/Src/main.o
 .debug_macro   0x000162b9       0x5f ./Core/Src/main.o
 .debug_macro   0x00016318      0x1c8 ./Core/Src/main.o
 .debug_macro   0x000164e0       0x5e ./Core/Src/main.o
 .debug_macro   0x0001653e      0x19b ./Core/Src/main.o
 .debug_macro   0x000166d9      0x1c6 ./Core/Src/stm32f1xx_hal_msp.o
 .debug_macro   0x0001689f      0x1d0 ./Core/Src/stm32f1xx_it.o
 .debug_macro   0x00016a6f      0x1bc ./Core/Src/system_stm32f1xx.o
 .debug_macro   0x00016c2b      0x1e0 ./Drivers/STM32F1xx_HAL_Driver/Src/stm32f1xx_hal.o
 .debug_macro   0x00016e0b      0x1d9 ./Drivers/STM32F1xx_HAL_Driver/Src/stm32f1xx_hal_adc.o
 .debug_macro   0x00016fe4      0x1bc ./Drivers/STM32F1xx_HAL_Driver/Src/stm32f1xx_hal_cortex.o
 .debug_macro   0x000171a0      0x1bc ./Drivers/STM32F1xx_HAL_Driver/Src/stm32f1xx_hal_dma.o
 .debug_macro   0x0001735c      0x227 ./Drivers/STM32F1xx_HAL_Driver/Src/stm32f1xx_hal_gpio.o
 .debug_macro   0x00017583      0x1c8 ./Drivers/STM32F1xx_HAL_Driver/Src/stm32f1xx_hal_pcd.o
 .debug_macro   0x0001774b      0x1bc ./Drivers/STM32F1xx_HAL_Driver/Src/stm32f1xx_hal_pcd_ex.o
 .debug_macro   0x00017907      0x1ce ./Drivers/STM32F1xx_HAL_Driver/Src/stm32f1xx_hal_rcc.o
 .debug_macro   0x00017ad5      0x1bc ./Drivers/STM32F1xx_HAL_Driver/Src/stm32f1xx_hal_rcc_ex.o
 .debug_macro   0x00017c91      0x1bc ./Drivers/STM32F1xx_HAL_Driver/Src/stm32f1xx_ll_usb.o
 .debug_macro   0x00017e4d      0x355 ./Middlewares/ST/STM32_USB_Device_Library/Class/HID/Src/usbd_hid.o
 .debug_macro   0x000181a2       0x9e ./Middlewares/ST/STM32_USB_Device_Library/Class/HID/Src/usbd_hid.o
 .debug_macro   0x00018240      0x10b ./Middlewares/ST/STM32_USB_Device_Library/Class/HID/Src/usbd_hid.o
 .debug_macro   0x0001834b       0x56 ./Middlewares/ST/STM32_USB_Device_Library/Class/HID/Src/usbd_hid.o
 .debug_macro   0x000183a1      0x33c ./Middlewares/ST/STM32_USB_Device_Library/Core/Src/usbd_core.o
 .debug_macro   0x000186dd      0x1ce ./Middlewares/ST/STM32_USB_Device_Library/Core/Src/usbd_core.o
 .debug_macro   0x000188ab      0x346 ./Middlewares/ST/STM32_USB_Device_Library/Core/Src/usbd_ctlreq.o
 .debug_macro   0x00018bf1      0x342 ./Middlewares/ST/STM32_USB_Device_Library/Core/Src/usbd_ioreq.o
 .debug_macro   0x00018f33      0x372 ./USB_DEVICE/App/usb_device.o
 .debug_macro   0x000192a5       0x22 ./USB_DEVICE/App/usb_device.o
 .debug_macro   0x000192c7      0x379 ./USB_DEVICE/App/usbd_desc.o
 .debug_macro   0x00019640       0x1c ./USB_DEVICE/App/usbd_desc.o
 .debug_macro   0x0001965c      0x35f ./USB_DEVICE/Target/usbd_conf.o

.debug_line     0x00000000     0xfc78
 .debug_line    0x00000000      0xbae ./Core/Src/main.o
 .debug_line    0x00000bae      0x79e ./Core/Src/stm32f1xx_hal_msp.o
 .debug_line    0x0000134c      0x826 ./Core/Src/stm32f1xx_it.o
 .debug_line    0x00001b72      0x7b2 ./Core/Src/system_stm32f1xx.o
 .debug_line    0x00002324       0x78 ./Core/Startup/startup_stm32f103c8tx.o
 .debug_line    0x0000239c      0x9df ./Drivers/STM32F1xx_HAL_Driver/Src/stm32f1xx_hal.o
 .debug_line    0x00002d7b     0x105c ./Drivers/STM32F1xx_HAL_Driver/Src/stm32f1xx_hal_adc.o
 .debug_line    0x00003dd7      0xbcb ./Drivers/STM32F1xx_HAL_Driver/Src/stm32f1xx_hal_cortex.o
 .debug_line    0x000049a2      0xe38 ./Drivers/STM32F1xx_HAL_Driver/Src/stm32f1xx_hal_dma.o
 .debug_line    0x000057da      0xa78 ./Drivers/STM32F1xx_HAL_Driver/Src/stm32f1xx_hal_gpio.o
 .debug_line    0x00006252     0x1434 ./Drivers/STM32F1xx_HAL_Driver/Src/stm32f1xx_hal_pcd.o
 .debug_line    0x00007686      0x7ad ./Drivers/STM32F1xx_HAL_Driver/Src/stm32f1xx_hal_pcd_ex.o
 .debug_line    0x00007e33      0xde8 ./Drivers/STM32F1xx_HAL_Driver/Src/stm32f1xx_hal_rcc.o
 .debug_line    0x00008c1b      0x929 ./Drivers/STM32F1xx_HAL_Driver/Src/stm32f1xx_hal_rcc_ex.o
 .debug_line    0x00009544     0x10b0 ./Drivers/STM32F1xx_HAL_Driver/Src/stm32f1xx_ll_usb.o
 .debug_line    0x0000a5f4      0xbf0 ./Middlewares/ST/STM32_USB_Device_Library/Class/HID/Src/usbd_hid.o
 .debug_line    0x0000b1e4      0xdb3 ./Middlewares/ST/STM32_USB_Device_Library/Core/Src/usbd_core.o
 .debug_line    0x0000bf97      0xff3 ./Middlewares/ST/STM32_USB_Device_Library/Core/Src/usbd_ctlreq.o
 .debug_line    0x0000cf8a      0xa49 ./Middlewares/ST/STM32_USB_Device_Library/Core/Src/usbd_ioreq.o
 .debug_line    0x0000d9d3      0x9ee ./USB_DEVICE/App/usb_device.o
 .debug_line    0x0000e3c1      0xad2 ./USB_DEVICE/App/usbd_desc.o
 .debug_line    0x0000ee93      0xde5 ./USB_DEVICE/Target/usbd_conf.o

.debug_str      0x00000000    0x89e59
 .debug_str     0x00000000    0x87561 ./Core/Src/main.o
                              0x87a6d (size before relaxing)
 .debug_str     0x00087561       0xf8 ./Core/Src/stm32f1xx_hal_msp.o
                              0x8254c (size before relaxing)
 .debug_str     0x00087659      0x3f4 ./Core/Src/stm32f1xx_it.o
                              0x826e1 (size before relaxing)
 .debug_str     0x00087a4d       0x7e ./Core/Src/system_stm32f1xx.o
                              0x8216b (size before relaxing)
 .debug_str     0x00087acb       0x44 ./Core/Startup/startup_stm32f103c8tx.o
                                 0x7e (size before relaxing)
 .debug_str     0x00087b0f      0x384 ./Drivers/STM32F1xx_HAL_Driver/Src/stm32f1xx_hal.o
                              0x8289e (size before relaxing)
 .debug_str     0x00087e93      0x31e ./Drivers/STM32F1xx_HAL_Driver/Src/stm32f1xx_hal_adc.o
                              0x8284f (size before relaxing)
 .debug_str     0x000881b1      0x276 ./Drivers/STM32F1xx_HAL_Driver/Src/stm32f1xx_hal_cortex.o
                              0x827ea (size before relaxing)
 .debug_str     0x00088427      0x1e7 ./Drivers/STM32F1xx_HAL_Driver/Src/stm32f1xx_hal_dma.o
                              0x82514 (size before relaxing)
 .debug_str     0x0008860e      0x31d ./Drivers/STM32F1xx_HAL_Driver/Src/stm32f1xx_hal_gpio.o
                              0x824f1 (size before relaxing)
 .debug_str     0x0008892b      0x5bd ./Drivers/STM32F1xx_HAL_Driver/Src/stm32f1xx_hal_pcd.o
                              0x82a88 (size before relaxing)
 .debug_str     0x00088ee8      0x170 ./Drivers/STM32F1xx_HAL_Driver/Src/stm32f1xx_hal_pcd_ex.o
                              0x825ea (size before relaxing)
 .debug_str     0x00089058      0x229 ./Drivers/STM32F1xx_HAL_Driver/Src/stm32f1xx_hal_rcc.o
                              0x8259a (size before relaxing)
 .debug_str     0x00089281       0x84 ./Drivers/STM32F1xx_HAL_Driver/Src/stm32f1xx_hal_rcc_ex.o
                              0x822ea (size before relaxing)
 .debug_str     0x00089305      0x129 ./Drivers/STM32F1xx_HAL_Driver/Src/stm32f1xx_ll_usb.o
                              0x8263c (size before relaxing)
 .debug_str     0x0008942e      0x298 ./Middlewares/ST/STM32_USB_Device_Library/Class/HID/Src/usbd_hid.o
                              0x86ac4 (size before relaxing)
 .debug_str     0x000896c6      0x298 ./Middlewares/ST/STM32_USB_Device_Library/Core/Src/usbd_core.o
                              0x8695f (size before relaxing)
 .debug_str     0x0008995e      0x11b ./Middlewares/ST/STM32_USB_Device_Library/Core/Src/usbd_ctlreq.o
                              0x86879 (size before relaxing)
 .debug_str     0x00089a79       0x79 ./Middlewares/ST/STM32_USB_Device_Library/Core/Src/usbd_ioreq.o
                              0x867a6 (size before relaxing)
 .debug_str     0x00089af2       0xa2 ./USB_DEVICE/App/usb_device.o
                              0x8691b (size before relaxing)
 .debug_str     0x00089b94      0x258 ./USB_DEVICE/App/usbd_desc.o
                              0x866e2 (size before relaxing)
 .debug_str     0x00089dec       0x6d ./USB_DEVICE/Target/usbd_conf.o
                              0x87459 (size before relaxing)

.comment        0x00000000       0x43
 .comment       0x00000000       0x43 ./Core/Src/main.o
                                 0x44 (size before relaxing)
 .comment       0x00000043       0x44 ./Core/Src/stm32f1xx_hal_msp.o
 .comment       0x00000043       0x44 ./Core/Src/stm32f1xx_it.o
 .comment       0x00000043       0x44 ./Core/Src/system_stm32f1xx.o
 .comment       0x00000043       0x44 ./Drivers/STM32F1xx_HAL_Driver/Src/stm32f1xx_hal.o
 .comment       0x00000043       0x44 ./Drivers/STM32F1xx_HAL_Driver/Src/stm32f1xx_hal_adc.o
 .comment       0x00000043       0x44 ./Drivers/STM32F1xx_HAL_Driver/Src/stm32f1xx_hal_cortex.o
 .comment       0x00000043       0x44 ./Drivers/STM32F1xx_HAL_Driver/Src/stm32f1xx_hal_dma.o
 .comment       0x00000043       0x44 ./Drivers/STM32F1xx_HAL_Driver/Src/stm32f1xx_hal_gpio.o
 .comment       0x00000043       0x44 ./Drivers/STM32F1xx_HAL_Driver/Src/stm32f1xx_hal_pcd.o
 .comment       0x00000043       0x44 ./Drivers/STM32F1xx_HAL_Driver/Src/stm32f1xx_hal_pcd_ex.o
 .comment       0x00000043       0x44 ./Drivers/STM32F1xx_HAL_Driver/Src/stm32f1xx_hal_rcc.o
 .comment       0x00000043       0x44 ./Drivers/STM32F1xx_HAL_Driver/Src/stm32f1xx_hal_rcc_ex.o
 .comment       0x00000043       0x44 ./Drivers/STM32F1xx_HAL_Driver/Src/stm32f1xx_ll_usb.o
 .comment       0x00000043       0x44 ./Middlewares/ST/STM32_USB_Device_Library/Class/HID/Src/usbd_hid.o
 .comment       0x00000043       0x44 ./Middlewares/ST/STM32_USB_Device_Library/Core/Src/usbd_core.o
 .comment       0x00000043       0x44 ./Middlewares/ST/STM32_USB_Device_Library/Core/Src/usbd_ctlreq.o
 .comment       0x00000043       0x44 ./Middlewares/ST/STM32_USB_Device_Library/Core/Src/usbd_ioreq.o
 .comment       0x00000043       0x44 ./USB_DEVICE/App/usb_device.o
 .comment       0x00000043       0x44 ./USB_DEVICE/App/usbd_desc.o
 .comment       0x00000043       0x44 ./USB_DEVICE/Target/usbd_conf.o

.debug_frame    0x00000000     0x3498
 .debug_frame   0x00000000      0x128 ./Core/Src/main.o
 .debug_frame   0x00000128       0x80 ./Core/Src/stm32f1xx_hal_msp.o
 .debug_frame   0x000001a8      0x13c ./Core/Src/stm32f1xx_it.o
 .debug_frame   0x000002e4       0x58 ./Core/Src/system_stm32f1xx.o
 .debug_frame   0x0000033c      0x334 ./Drivers/STM32F1xx_HAL_Driver/Src/stm32f1xx_hal.o
 .debug_frame   0x00000670      0x40c ./Drivers/STM32F1xx_HAL_Driver/Src/stm32f1xx_hal_adc.o
 .debug_frame   0x00000a7c      0x428 ./Drivers/STM32F1xx_HAL_Driver/Src/stm32f1xx_hal_cortex.o
 .debug_frame   0x00000ea4      0x208 ./Drivers/STM32F1xx_HAL_Driver/Src/stm32f1xx_hal_dma.o
 .debug_frame   0x000010ac      0x14c ./Drivers/STM32F1xx_HAL_Driver/Src/stm32f1xx_hal_gpio.o
 .debug_frame   0x000011f8      0x594 ./Drivers/STM32F1xx_HAL_Driver/Src/stm32f1xx_hal_pcd.o
 .debug_frame   0x0000178c       0xb0 ./Drivers/STM32F1xx_HAL_Driver/Src/stm32f1xx_hal_pcd_ex.o
 .debug_frame   0x0000183c      0x218 ./Drivers/STM32F1xx_HAL_Driver/Src/stm32f1xx_hal_rcc.o
 .debug_frame   0x00001a54       0x80 ./Drivers/STM32F1xx_HAL_Driver/Src/stm32f1xx_hal_rcc_ex.o
 .debug_frame   0x00001ad4      0x470 ./Drivers/STM32F1xx_HAL_Driver/Src/stm32f1xx_ll_usb.o
 .debug_frame   0x00001f44      0x190 ./Middlewares/ST/STM32_USB_Device_Library/Class/HID/Src/usbd_hid.o
 .debug_frame   0x000020d4      0x300 ./Middlewares/ST/STM32_USB_Device_Library/Core/Src/usbd_core.o
 .debug_frame   0x000023d4      0x218 ./Middlewares/ST/STM32_USB_Device_Library/Core/Src/usbd_ctlreq.o
 .debug_frame   0x000025ec      0x10c ./Middlewares/ST/STM32_USB_Device_Library/Core/Src/usbd_ioreq.o
 .debug_frame   0x000026f8       0x2c ./USB_DEVICE/App/usb_device.o
 .debug_frame   0x00002724      0x160 ./USB_DEVICE/App/usbd_desc.o
 .debug_frame   0x00002884      0x4a4 ./USB_DEVICE/Target/usbd_conf.o
 .debug_frame   0x00002d28      0x144 C:/ST/STM32CubeIDE_1.16.0/STM32CubeIDE/plugins/com.st.stm32cube.ide.mcu.externaltools.gnu-tools-for-stm32.12.3.rel1.win32_1.0.200.202406191623/tools/bin/../lib/gcc/arm-none-eabi/12.3.1/../../../../arm-none-eabi/lib/thumb/v7-m/nofp\libc_nano.a(libc_a-findfp.o)
 .debug_frame   0x00002e6c       0x20 C:/ST/STM32CubeIDE_1.16.0/STM32CubeIDE/plugins/com.st.stm32cube.ide.mcu.externaltools.gnu-tools-for-stm32.12.3.rel1.win32_1.0.200.202406191623/tools/bin/../lib/gcc/arm-none-eabi/12.3.1/../../../../arm-none-eabi/lib/thumb/v7-m/nofp\libc_nano.a(libc_a-memset.o)
 .debug_frame   0x00002e8c       0x20 C:/ST/STM32CubeIDE_1.16.0/STM32CubeIDE/plugins/com.st.stm32cube.ide.mcu.externaltools.gnu-tools-for-stm32.12.3.rel1.win32_1.0.200.202406191623/tools/bin/../lib/gcc/arm-none-eabi/12.3.1/../../../../arm-none-eabi/lib/thumb/v7-m/nofp\libc_nano.a(libc_a-errno.o)
 .debug_frame   0x00002eac       0x2c C:/ST/STM32CubeIDE_1.16.0/STM32CubeIDE/plugins/com.st.stm32cube.ide.mcu.externaltools.gnu-tools-for-stm32.12.3.rel1.win32_1.0.200.202406191623/tools/bin/../lib/gcc/arm-none-eabi/12.3.1/../../../../arm-none-eabi/lib/thumb/v7-m/nofp\libc_nano.a(libc_a-init.o)